Microchip MPLAB XC8 Compiler V2.32

Linker command line:

-W-3 --edf=C:\Program Files\Microchip\xc8\v2.32\pic\dat\en_msgs.txt -cn \
  -h+dist/default/production\tx_rn2903.X.production.sym \
  --cmf=dist/default/production\tx_rn2903.X.production.cmf -z -Q18LF45K50 \
  -oC:\Users\ASUS\AppData\Local\Temp\xcAse70.4 --defsym=__MPLAB_BUILD=1 \
  -Mdist/default/production/tx_rn2903.X.production.map -E1 \
  -ver=XC8 Compiler --acfsm=1493 -ASTACK=0FDh-07FFh -pstack=STACK \
  -ACODE=00h-07FFFh -ACONST=00h-07FFFh -ASMALLCONST=0800h-08FFhx120 \
  -AMEDIUMCONST=0800h-07FFFh -ACOMRAM=01h-05Fh -AABS1=00h-07FFh \
  -ABIGRAM=01h-07FFh -ARAM=060h-0FFh,0100h-01FFhx7 -ABANK0=060h-0FFh \
  -ABANK1=0100h-01FFh -ABANK2=0200h-02FFh -ABANK3=0300h-03FFh \
  -ABANK4=0400h-04FFh -ABANK5=0500h-05FFh -ABANK6=0600h-06FFh \
  -ABANK7=0700h-07FFh -ASFR=0F53h-0F5Fh,0F60h-0FFFh \
  -ACONFIG=0300000h-030000Dh -AIDLOC=0200000h-0200007h \
  -AEEDATA=0F00000h-0F000FFh -peeprom_data=EEDATA \
  -preset_vec=00h,intcode,intcodelo,powerup,init -pramtop=0800h \
  -psmallconst=SMALLCONST -pmediumconst=MEDIUMCONST -pconst=CONST \
  -AFARRAM=00h-00h \
  -prdata=COMRAM,nvrram=COMRAM,nvbit=COMRAM,rbss=COMRAM,rbit=COMRAM \
  -pfarbss=FARRAM,fardata=FARRAM,nvFARRAM=FARRAM \
  -pintsave_regs=BIGRAM,bigbss=BIGRAM,bigdata=BIGRAM -pbss=RAM \
  -pidata=CODE,irdata=CODE,ibigdata=CODE,ifardata=CODE -prparam=COMRAM \
  C:\Users\ASUS\AppData\Local\Temp\xcAse70.o \
  dist/default/production\tx_rn2903.X.production.o 

Object code version is 3.11

Machine type is 18LF45K50



                Name                               Link     Load   Length Selector   Space Scale
C:\Users\ASUS\AppData\Local\Temp\xcAse70.o
                idloc                            200000   200000        8        0       5
                config                           300000   300000        E        0       4
                init                                  0        0        4        0       0
dist/default/production\tx_rn2903.X.production.o
                idloc                            200000   200000        8        0       5
                config                           300000   300000        E        0       4
                mediumconst                        7C64     7C64      39C     3E32       0
                text44                             6A42     6A42       28     3521       0
                text43                             69C0     69C0       16     34E0       0
                text42                             6B24     6B24       36     3592       0
                text41                             710C     710C       D8     3886       0
                text40                             691A     691A        A     348D       0
                text39                             6924     6924        A     3492       0
                text38                             692E     692E        A     3497       0
                text37                             6BFE     6BFE       3E     35FF       0
                text36                             6A22     6A22       20     3511       0
                text35                             6C3C     6C3C       3E     361E       0
                text34                             695C     695C        E     34AE       0
                text33                             6AF0     6AF0       34     3578       0
                text32                             696A     696A        E     34B5       0
                text31                             6998     6998       14     34CC       0
                text30                             69D6     69D6       16     34EB       0
                text29                             6978     6978       10     34BC       0
                text28                             69AC     69AC       14     34D6       0
                text27                             6E80     6E80       7C     3740       0
                text26                             6A6A     6A6A       28     3535       0
                text25                             69EC     69EC       1A     34F6       0
                text24                             6938     6938        C     349C       0
                text23                             6944     6944        C     34A2       0
                text22                             6950     6950        C     34A8       0
                text21                             6988     6988       10     34C4       0
                text20                             6E08     6E08       78     3704       0
                text19                             6AC0     6AC0       30     3560       0
                text18                             6A06     6A06       1C     3503       0
                text17                             6A92     6A92       2E     3549       0
                text16                             6914     6914        2     348A       0
                text15                             7042     7042       CA     3821       0
                text14                             71E4     71E4       D8     38F2       0
                text13                             7420     7420      188     3A10       0
                text12                             72BC     72BC      164     395E       0
                text11                             6C7A     6C7A       40     363D       0
                text10                             6CBA     6CBA       44     365D       0
                text9                              6B5A     6B5A       36     35AD       0
                text8                              6F7C     6F7C       C6     37BE       0
                text7                              7982     7982      2E2     3CC1       0
                text6                              775C     775C      226     3BAE       0
                text5                              6DA6     6DA6       62     36D3       0
                text4                              6CFE     6CFE       52     367F       0
                text3                              6BC6     6BC6       38     35E3       0
                text2                              6EFC     6EFC       80     377E       0
                text1                              6D50     6D50       56     36A8       0
                text0                              75A8     75A8      1B4     3AD4       0
                cstackCOMRAM                          1        1       5E        1       1
                cstackBANK0                          60       60       6A       60       1
                dataBANK0                            FA       FA        3       60       1
                bssBANK0                             CA       CA       30       60       1
                bssCOMRAM                            5F       5F        1        1       1
                cinit                              6B90     6B90       36     35C8       0
                idataBANK0                         6917     6917        3     6917       0

TOTAL           Name                               Link     Load   Length     Space
        CLASS   STACK          

        CLASS   CODE           
                init                                  0        0        4         0
                text44                             6A42     6A42       28         0
                text43                             69C0     69C0       16         0
                text42                             6B24     6B24       36         0
                text41                             710C     710C       D8         0
                text40                             691A     691A        A         0
                text39                             6924     6924        A         0
                text38                             692E     692E        A         0
                text37                             6BFE     6BFE       3E         0
                text36                             6A22     6A22       20         0
                text35                             6C3C     6C3C       3E         0
                text34                             695C     695C        E         0
                text33                             6AF0     6AF0       34         0
                text32                             696A     696A        E         0
                text31                             6998     6998       14         0
                text30                             69D6     69D6       16         0
                text29                             6978     6978       10         0
                text28                             69AC     69AC       14         0
                text27                             6E80     6E80       7C         0
                text26                             6A6A     6A6A       28         0
                text25                             69EC     69EC       1A         0
                text24                             6938     6938        C         0
                text23                             6944     6944        C         0
                text22                             6950     6950        C         0
                text21                             6988     6988       10         0
                text20                             6E08     6E08       78         0
                text19                             6AC0     6AC0       30         0
                text18                             6A06     6A06       1C         0
                text17                             6A92     6A92       2E         0
                text16                             6914     6914        2         0
                text15                             7042     7042       CA         0
                text14                             71E4     71E4       D8         0
                text13                             7420     7420      188         0
                text12                             72BC     72BC      164         0
                text11                             6C7A     6C7A       40         0
                text10                             6CBA     6CBA       44         0
                text9                              6B5A     6B5A       36         0
                text8                              6F7C     6F7C       C6         0
                text7                              7982     7982      2E2         0
                text6                              775C     775C      226         0
                text5                              6DA6     6DA6       62         0
                text4                              6CFE     6CFE       52         0
                text3                              6BC6     6BC6       38         0
                text2                              6EFC     6EFC       80         0
                text1                              6D50     6D50       56         0
                text0                              75A8     75A8      1B4         0
                cinit                              6B90     6B90       36         0
                idataBANK0                         6917     6917        3         0

        CLASS   CONST          

        CLASS   SMALLCONST     

        CLASS   MEDIUMCONST    
                mediumconst                        7C64     7C64      39C         0

        CLASS   COMRAM         
                cstackCOMRAM                          1        1       5E         1
                bssCOMRAM                            5F       5F        1         1

        CLASS   ABS1           

        CLASS   BIGRAM         

        CLASS   RAM            

        CLASS   BANK0          
                cstackBANK0                          60       60       6A         1
                dataBANK0                            FA       FA        3         1
                bssBANK0                             CA       CA       30         1

        CLASS   BANK1          

        CLASS   BANK2          

        CLASS   BANK3          

        CLASS   BANK4          

        CLASS   BANK5          

        CLASS   BANK6          

        CLASS   BANK7          

        CLASS   SFR            

        CLASS   CONFIG         
                config                           300000   300000        E         4

        CLASS   IDLOC          
                idloc                            200000   200000        8         5

        CLASS   EEDATA         

        CLASS   FARRAM         



SEGMENTS        Name                           Load    Length   Top    Selector   Space  Class

                reset_vec                      000000  000004  000004         0       0  CODE    
                cstackCOMRAM                   000001  00005F  000060         1       1  COMRAM  
                cstackBANK0                    000060  00009D  0000FD        60       1  BANK0   
                text16                         006914  000002  006916      348A       0  CODE    
                idataBANK0                     006917  000003  00691A      6917       0  CODE    
                text40                         00691A  00000A  006924      348D       0  CODE    
                text39                         006924  00000A  00692E      3492       0  CODE    
                text38                         00692E  00000A  006938      3497       0  CODE    
                text24                         006938  00000C  006944      349C       0  CODE    
                text23                         006944  00000C  006950      34A2       0  CODE    
                text22                         006950  00000C  00695C      34A8       0  CODE    
                text34                         00695C  00000E  00696A      34AE       0  CODE    
                text32                         00696A  00000E  006978      34B5       0  CODE    
                text29                         006978  000010  006988      34BC       0  CODE    
                text21                         006988  000010  006998      34C4       0  CODE    
                text31                         006998  000014  0069AC      34CC       0  CODE    
                text28                         0069AC  000014  0069C0      34D6       0  CODE    
                text43                         0069C0  000016  0069D6      34E0       0  CODE    
                text30                         0069D6  000016  0069EC      34EB       0  CODE    
                text25                         0069EC  00001A  006A06      34F6       0  CODE    
                text18                         006A06  00001C  006A22      3503       0  CODE    
                text36                         006A22  000020  006A42      3511       0  CODE    
                text44                         006A42  000028  006A6A      3521       0  CODE    
                text26                         006A6A  000028  006A92      3535       0  CODE    
                text17                         006A92  00002E  006AC0      3549       0  CODE    
                text19                         006AC0  000030  006AF0      3560       0  CODE    
                text33                         006AF0  000034  006B24      3578       0  CODE    
                text42                         006B24  000036  006B5A      3592       0  CODE    
                text9                          006B5A  000036  006B90      35AD       0  CODE    
                cinit                          006B90  000036  006BC6      35C8       0  CODE    
                text3                          006BC6  000038  006BFE      35E3       0  CODE    
                text37                         006BFE  00003E  006C3C      35FF       0  CODE    
                text35                         006C3C  00003E  006C7A      361E       0  CODE    
                text11                         006C7A  000040  006CBA      363D       0  CODE    
                text10                         006CBA  000044  006CFE      365D       0  CODE    
                text4                          006CFE  000052  006D50      367F       0  CODE    
                text1                          006D50  000056  006DA6      36A8       0  CODE    
                text5                          006DA6  000062  006E08      36D3       0  CODE    
                text20                         006E08  000078  006E80      3704       0  CODE    
                text27                         006E80  00007C  006EFC      3740       0  CODE    
                text2                          006EFC  000080  006F7C      377E       0  CODE    
                text8                          006F7C  0000C6  007042      37BE       0  CODE    
                text15                         007042  0000CA  00710C      3821       0  CODE    
                text41                         00710C  0000D8  0071E4      3886       0  CODE    
                text14                         0071E4  0000D8  0072BC      38F2       0  CODE    
                text12                         0072BC  000164  007420      395E       0  CODE    
                text13                         007420  000188  0075A8      3A10       0  CODE    
                text0                          0075A8  0001B4  00775C      3AD4       0  CODE    
                text6                          00775C  000226  007982      3BAE       0  CODE    
                text7                          007982  0002E2  007C64      3CC1       0  CODE    
                mediumconst                    007C64  00039C  008000      3E32       0  MEDIUMCO


UNUSED ADDRESS RANGES

        Name                Unused          Largest block    Delta
        BANK0            0000FD-0000FF                3
        BANK1            000100-0001FF              100
        BANK2            000200-0002FF              100
        BANK3            000300-0003FF              100
        BANK4            000400-0004FF              100
        BANK5            000500-0005FF              100
        BANK6            000600-0006FF              100
        BANK7            000700-0007FF              100
        BIGRAM           0000FD-0007FF              703
        CODE             000004-006913             6910
                         006916-006916                1
        CONST            000004-006913             6910
                         006916-006916                1
        EEDATA           F00000-F000FF              100
        MEDIUMCONST      000800-006913             6114
                         006916-006916                1
        RAM              0000FD-0007FF              100
        SFR              000F53-000FFF                D
        SMALLCONST       000800-006913              100
                         006916-006916                1
        STACK            0000FD-0007FF              703

                                  Symbol Table

?___aodiv                                       cstackCOMRAM 000001
?___aomod                                       cstackCOMRAM 000001
?_abs                                           cstackCOMRAM 000013
?_ctoa                                          cstackCOMRAM 00000A
?_dtoa                                          cstackCOMRAM 00001C
?_get_Data                                      cstackCOMRAM 000001
?_pad                                           cstackCOMRAM 000011
?_sprintf                                       cstackCOMRAM 000059
?_strlen                                        cstackCOMRAM 000001
?_vfpfcnvrt                                     cstackCOMRAM 000040
?_vfprintf                                      cstackCOMRAM 000051
EUSART1_SetErrorHandler@interruptHandler        cstackCOMRAM 000001
EUSART1_SetFramingErrorHandler@interruptHandler cstackCOMRAM 000001
EUSART1_SetOverrunErrorHandler@interruptHandler cstackCOMRAM 000001
EUSART1_Write@txData                            cstackCOMRAM 000001
RN_Leds@state                                   cstackCOMRAM 000005
Set_Column_Address@address                      cstackCOMRAM 000002
Set_Page_Address@address                        cstackCOMRAM 000002
_ACTCON                                         (abs)        000FB5
_ANSELA                                         (abs)        000F5B
_ANSELB                                         (abs)        000F5C
_ANSELC                                         (abs)        000F5D
_ANSELD                                         (abs)        000F5E
_ANSELE                                         (abs)        000F5F
_BAUDCON1                                       (abs)        000FB8
_Contrast_level                                 dataBANK0    0000FC
_EUSART1_DefaultErrorHandler                    (abs)        000000
_EUSART1_DefaultFramingErrorHandler             (abs)        000000
_EUSART1_DefaultOverrunErrorHandler             (abs)        000000
_EUSART1_ErrorHandler                           bssBANK0     0000D4
_EUSART1_FramingErrorHandler                    bssBANK0     0000D8
_EUSART1_Initialize                             text37       006BFE
_EUSART1_OverrunErrorHandler                    bssBANK0     0000D6
_EUSART1_Read                                   text44       006A42
_EUSART1_SetErrorHandler                        text40       00691A
_EUSART1_SetFramingErrorHandler                 text39       006924
_EUSART1_SetOverrunErrorHandler                 text38       00692E
_EUSART1_Write                                  text43       0069C0
_INTCON2bits                                    (abs)        000FF1
_INTCONbits                                     (abs)        000FF2
_LATA                                           (abs)        000F89
_LATAbits                                       (abs)        000F89
_LATB                                           (abs)        000F8A
_LATBbits                                       (abs)        000F8A
_LATC                                           (abs)        000F8B
_LATCbits                                       (abs)        000F8B
_LATD                                           (abs)        000F8C
_LATE                                           (abs)        000F8D
_LATEbits                                       (abs)        000F8D
_OSCCON                                         (abs)        000FD3
_OSCCON2                                        (abs)        000FD2
_OSCILLATOR_Initialize                          text36       006A22
_OSCTUNE                                        (abs)        000F9B
_OledFont0                                      mediumconst  007C65
_PIN_MANAGER_Initialize                         text35       006C3C
_PIR1bits                                       (abs)        000F9E
_PLLRDY                                         (abs)        007E97
_RCREG1                                         (abs)        000FAE
_RCSTA1                                         (abs)        000FAB
_RCSTA1bits                                     (abs)        000FAB
_RN_Leds                                        text41       00710C
_SPBRG1                                         (abs)        000FAF
_SPBRGH1                                        (abs)        000FB0
_SYSTEM_Initialize                              text34       00695C
_Set_Column_Address                             text30       0069D6
_Set_Page_Address                               text29       006978
_TRISA                                          (abs)        000F92
_TRISAbits                                      (abs)        000F92
_TRISB                                          (abs)        000F93
_TRISBbits                                      (abs)        000F93
_TRISC                                          (abs)        000F94
_TRISCbits                                      (abs)        000F94
_TRISD                                          (abs)        000F95
_TRISE                                          (abs)        000F96
_TRISEbits                                      (abs)        000F96
_TXREG1                                         (abs)        000FAD
_TXSTA1                                         (abs)        000FAC
_TXSTA1bits                                     (abs)        000FAC
_WPUB                                           (abs)        000F85
__HRAM                                          (abs)        000000
__Habs1                                         abs1         000000
__Hbank0                                        bank0        000000
__Hbank1                                        bank1        000000
__Hbank2                                        bank2        000000
__Hbank3                                        bank3        000000
__Hbank4                                        bank4        000000
__Hbank5                                        bank5        000000
__Hbank6                                        bank6        000000
__Hbank7                                        bank7        000000
__Hbigbss                                       bigbss       000000
__Hbigdata                                      bigdata      000000
__Hbigram                                       bigram       000000
__Hbss                                          bss          000000
__HbssBANK0                                     bssBANK0     000000
__HbssCOMRAM                                    bssCOMRAM    000000
__Hcinit                                        cinit        000000
__Hclrtext                                      clrtext      000000
__Hcomram                                       comram       000000
__Hconfig                                       config       30000E
__Hconst                                        const        000000
__HcstackBANK0                                  cstackBANK0  000000
__HcstackCOMRAM                                 cstackCOMRAM 000000
__Hdata                                         data         000000
__HdataBANK0                                    dataBANK0    000000
__Heeprom_data                                  eeprom_data  000000
__Hfarbss                                       farbss       000000
__Hfardata                                      fardata      000000
__Hibigdata                                     ibigdata     000000
__Hidata                                        idata        000000
__HidataBANK0                                   idataBANK0   000000
__Hidloc                                        idloc        200008
__Hifardata                                     ifardata     000000
__Hinit                                         init         000004
__Hintcode                                      intcode      000000
__Hintcode_body                                 intcode_body 000000
__Hintcodelo                                    intcodelo    000000
__Hintentry                                     intentry     000000
__Hintret                                       intret       000000
__Hintsave_regs                                 intsave_regs 000000
__Hirdata                                       irdata       000000
__Hmediumconst                                  mediumconst  008000
__HnvFARRAM                                     nvFARRAM     000000
__Hnvbit                                        nvbit        000000
__Hnvrram                                       nvrram       000000
__Hparam                                        rparam       000000
__Hpowerup                                      powerup      000000
__Hram                                          ram          000000
__Hramtop                                       ramtop       000800
__Hrbit                                         rbit         000000
__Hrbss                                         rbss         000000
__Hrdata                                        rdata        000000
__Hreset_vec                                    reset_vec    000000
__Hrparam                                       rparam       000000
__Hsfr                                          sfr          000000
__Hsmallconst                                   smallconst   000000
__Hspace_0                                      (abs)        008000
__Hspace_1                                      (abs)        0000FD
__Hspace_2                                      (abs)        000000
__Hspace_4                                      (abs)        60000E
__Hstack                                        stack        000000
__Hstruct                                       struct       000000
__Htemp                                         temp         000000
__Htext                                         text         000000
__Htext0                                        text0        000000
__Htext1                                        text1        000000
__Htext10                                       text10       000000
__Htext11                                       text11       000000
__Htext12                                       text12       000000
__Htext13                                       text13       000000
__Htext14                                       text14       000000
__Htext15                                       text15       000000
__Htext16                                       text16       000000
__Htext17                                       text17       000000
__Htext18                                       text18       000000
__Htext19                                       text19       000000
__Htext2                                        text2        000000
__Htext20                                       text20       000000
__Htext21                                       text21       000000
__Htext22                                       text22       000000
__Htext23                                       text23       000000
__Htext24                                       text24       000000
__Htext25                                       text25       000000
__Htext26                                       text26       000000
__Htext27                                       text27       000000
__Htext28                                       text28       000000
__Htext29                                       text29       000000
__Htext3                                        text3        000000
__Htext30                                       text30       000000
__Htext31                                       text31       000000
__Htext32                                       text32       000000
__Htext33                                       text33       000000
__Htext34                                       text34       000000
__Htext35                                       text35       000000
__Htext36                                       text36       000000
__Htext37                                       text37       000000
__Htext38                                       text38       000000
__Htext39                                       text39       000000
__Htext4                                        text4        000000
__Htext40                                       text40       000000
__Htext41                                       text41       000000
__Htext42                                       text42       000000
__Htext43                                       text43       000000
__Htext44                                       text44       000000
__Htext5                                        text5        000000
__Htext6                                        text6        000000
__Htext7                                        text7        000000
__Htext8                                        text8        000000
__Htext9                                        text9        000000
__LRAM                                          (abs)        000001
__Labs1                                         abs1         000000
__Lbank0                                        bank0        000000
__Lbank1                                        bank1        000000
__Lbank2                                        bank2        000000
__Lbank3                                        bank3        000000
__Lbank4                                        bank4        000000
__Lbank5                                        bank5        000000
__Lbank6                                        bank6        000000
__Lbank7                                        bank7        000000
__Lbigbss                                       bigbss       000000
__Lbigdata                                      bigdata      000000
__Lbigram                                       bigram       000000
__Lbss                                          bss          000000
__LbssBANK0                                     bssBANK0     000000
__LbssCOMRAM                                    bssCOMRAM    000000
__Lcinit                                        cinit        000000
__Lclrtext                                      clrtext      000000
__Lcomram                                       comram       000000
__Lconfig                                       config       000000
__Lconst                                        const        000000
__LcstackBANK0                                  cstackBANK0  000000
__LcstackCOMRAM                                 cstackCOMRAM 000000
__Ldata                                         data         000000
__LdataBANK0                                    dataBANK0    000000
__Leeprom_data                                  eeprom_data  000000
__Lfarbss                                       farbss       000000
__Lfardata                                      fardata      000000
__Libigdata                                     ibigdata     000000
__Lidata                                        idata        000000
__LidataBANK0                                   idataBANK0   000000
__Lidloc                                        idloc        000000
__Lifardata                                     ifardata     000000
__Linit                                         init         000000
__Lintcode                                      intcode      000000
__Lintcode_body                                 intcode_body 000000
__Lintcodelo                                    intcodelo    000000
__Lintentry                                     intentry     000000
__Lintret                                       intret       000000
__Lintsave_regs                                 intsave_regs 000000
__Lirdata                                       irdata       000000
__Lmediumconst                                  mediumconst  007C64
__LnvFARRAM                                     nvFARRAM     000000
__Lnvbit                                        nvbit        000000
__Lnvrram                                       nvrram       000000
__Lparam                                        rparam       000000
__Lpowerup                                      powerup      000000
__Lram                                          ram          000000
__Lramtop                                       ramtop       000800
__Lrbit                                         rbit         000000
__Lrbss                                         rbss         000000
__Lrdata                                        rdata        000000
__Lreset_vec                                    reset_vec    000000
__Lrparam                                       rparam       000000
__Lsfr                                          sfr          000000
__Lsmallconst                                   smallconst   000000
__Lspace_0                                      (abs)        000000
__Lspace_1                                      (abs)        000000
__Lspace_2                                      (abs)        000000
__Lspace_4                                      (abs)        000000
__Lstack                                        stack        000000
__Lstruct                                       struct       000000
__Ltemp                                         temp         000000
__Ltext                                         text         000000
__Ltext0                                        text0        000000
__Ltext1                                        text1        000000
__Ltext10                                       text10       000000
__Ltext11                                       text11       000000
__Ltext12                                       text12       000000
__Ltext13                                       text13       000000
__Ltext14                                       text14       000000
__Ltext15                                       text15       000000
__Ltext16                                       text16       000000
__Ltext17                                       text17       000000
__Ltext18                                       text18       000000
__Ltext19                                       text19       000000
__Ltext2                                        text2        000000
__Ltext20                                       text20       000000
__Ltext21                                       text21       000000
__Ltext22                                       text22       000000
__Ltext23                                       text23       000000
__Ltext24                                       text24       000000
__Ltext25                                       text25       000000
__Ltext26                                       text26       000000
__Ltext27                                       text27       000000
__Ltext28                                       text28       000000
__Ltext29                                       text29       000000
__Ltext3                                        text3        000000
__Ltext30                                       text30       000000
__Ltext31                                       text31       000000
__Ltext32                                       text32       000000
__Ltext33                                       text33       000000
__Ltext34                                       text34       000000
__Ltext35                                       text35       000000
__Ltext36                                       text36       000000
__Ltext37                                       text37       000000
__Ltext38                                       text38       000000
__Ltext39                                       text39       000000
__Ltext4                                        text4        000000
__Ltext40                                       text40       000000
__Ltext41                                       text41       000000
__Ltext42                                       text42       000000
__Ltext43                                       text43       000000
__Ltext44                                       text44       000000
__Ltext5                                        text5        000000
__Ltext6                                        text6        000000
__Ltext7                                        text7        000000
__Ltext8                                        text8        000000
__Ltext9                                        text9        000000
__S0                                            (abs)        008000
__S1                                            (abs)        0000FD
__S2                                            (abs)        000000
__S4                                            (abs)        000000
__S5                                            (abs)        000000
___aodiv                                        text13       007420
___aodiv@counter                                cstackCOMRAM 000011
___aodiv@dividend                               cstackCOMRAM 000001
___aodiv@divisor                                cstackCOMRAM 000009
___aodiv@quotient                               cstackCOMRAM 000013
___aodiv@sign                                   cstackCOMRAM 000012
___aomod                                        text12       0072BC
___aomod@counter                                cstackCOMRAM 000011
___aomod@dividend                               cstackCOMRAM 000001
___aomod@divisor                                cstackCOMRAM 000009
___aomod@sign                                   cstackCOMRAM 000012
___inthi_sp                                     stack        000000
___intlo_sp                                     stack        000000
___param_bank                                   (abs)        000000
___rparam_used                                  (abs)        000001
___sp                                           stack        000000
__accesstop                                     (abs)        000060
__activetblptr                                  (abs)        000002
__end_of_EUSART1_Initialize                     text37       006C3C
__end_of_EUSART1_Read                           text44       006A6A
__end_of_EUSART1_SetErrorHandler                text40       006924
__end_of_EUSART1_SetFramingErrorHandler         text39       00692E
__end_of_EUSART1_SetOverrunErrorHandler         text38       006938
__end_of_EUSART1_Write                          text43       0069D6
__end_of_OSCILLATOR_Initialize                  text36       006A42
__end_of_OledFont0                              mediumconst  007F65
__end_of_PIN_MANAGER_Initialize                 text35       006C7A
__end_of_RN_Leds                                text41       0071E4
__end_of_SYSTEM_Initialize                      text34       00696A
__end_of_Set_Column_Address                     text30       0069EC
__end_of_Set_Page_Address                       text29       006988
__end_of___aodiv                                text13       0075A8
__end_of___aomod                                text12       007420
__end_of__initialization                        cinit        006BBC
__end_of_abs                                    text11       006CBA
__end_of_ctoa                                   text14       0072BC
__end_of_delayms                                text3        006BFE
__end_of_dtoa                                   text7        007C64
__end_of_fputc                                  text15       00710C
__end_of_fputs                                  text10       006CFE
__end_of_get_Data                               text33       006B24
__end_of_init_port                              text32       006978
__end_of_main                                   text0        00775C
__end_of_oled_clear                             text25       006A06
__end_of_oled_clearRow                          text26       006A92
__end_of_oled_devInit                           text20       006E80
__end_of_oled_init                              text17       006AC0
__end_of_oled_initialDispayLine                 text24       006944
__end_of_oled_powerControl                      text23       006950
__end_of_oled_putChar                           text27       006EFC
__end_of_oled_putString                         text2        006F7C
__end_of_oled_regulorResistorSelect             text22       00695C
__end_of_oled_setContrastControlRegister        text21       006998
__end_of_oled_setDisplay                        text19       006AF0
__end_of_oled_setFont                           text18       006A22
__end_of_oled_writeCommand                      text31       0069AC
__end_of_oled_writeData                         text28       0069C0
__end_of_pad                                    text8        007042
__end_of_putch                                  text16       006916
__end_of_sendCommand                            text42       006B5A
__end_of_sprintf                                text4        006D50
__end_of_strlen                                 text9        006B90
__end_of_test_leds                              text1        006DA6
__end_of_vfpfcnvrt                              text6        007982
__end_of_vfprintf                               text5        006E08
__initialization                                cinit        006B90
__mediumconst                                   mediumconst  007C64
__pbssBANK0                                     bssBANK0     0000CA
__pbssCOMRAM                                    bssCOMRAM    00005F
__pcinit                                        cinit        006B90
__pcstackBANK0                                  cstackBANK0  000060
__pcstackCOMRAM                                 cstackCOMRAM 000001
__pdataBANK0                                    dataBANK0    0000FA
__pidataBANK0                                   idataBANK0   006917
__pmediumconst                                  mediumconst  007C64
__ptext0                                        text0        0075A8
__ptext1                                        text1        006D50
__ptext10                                       text10       006CBA
__ptext11                                       text11       006C7A
__ptext12                                       text12       0072BC
__ptext13                                       text13       007420
__ptext14                                       text14       0071E4
__ptext15                                       text15       007042
__ptext16                                       text16       006914
__ptext17                                       text17       006A92
__ptext18                                       text18       006A06
__ptext19                                       text19       006AC0
__ptext2                                        text2        006EFC
__ptext20                                       text20       006E08
__ptext21                                       text21       006988
__ptext22                                       text22       006950
__ptext23                                       text23       006944
__ptext24                                       text24       006938
__ptext25                                       text25       0069EC
__ptext26                                       text26       006A6A
__ptext27                                       text27       006E80
__ptext28                                       text28       0069AC
__ptext29                                       text29       006978
__ptext3                                        text3        006BC6
__ptext30                                       text30       0069D6
__ptext31                                       text31       006998
__ptext32                                       text32       00696A
__ptext33                                       text33       006AF0
__ptext34                                       text34       00695C
__ptext35                                       text35       006C3C
__ptext36                                       text36       006A22
__ptext37                                       text37       006BFE
__ptext38                                       text38       00692E
__ptext39                                       text39       006924
__ptext4                                        text4        006CFE
__ptext40                                       text40       00691A
__ptext41                                       text41       00710C
__ptext42                                       text42       006B24
__ptext43                                       text43       0069C0
__ptext44                                       text44       006A42
__ptext5                                        text5        006DA6
__ptext6                                        text6        00775C
__ptext7                                        text7        007982
__ptext8                                        text8        006F7C
__ptext9                                        text9        006B5A
__ramtop                                        ramtop       000800
__size_of_EUSART1_Initialize                    (abs)        000000
__size_of_EUSART1_Read                          (abs)        000000
__size_of_EUSART1_SetErrorHandler               (abs)        000000
__size_of_EUSART1_SetFramingErrorHandler        (abs)        000000
__size_of_EUSART1_SetOverrunErrorHandler        (abs)        000000
__size_of_EUSART1_Write                         (abs)        000000
__size_of_OSCILLATOR_Initialize                 (abs)        000000
__size_of_PIN_MANAGER_Initialize                (abs)        000000
__size_of_RN_Leds                               (abs)        000000
__size_of_SYSTEM_Initialize                     (abs)        000000
__size_of_Set_Column_Address                    (abs)        000000
__size_of_Set_Page_Address                      (abs)        000000
__size_of___aodiv                               (abs)        000000
__size_of___aomod                               (abs)        000000
__size_of_abs                                   (abs)        000000
__size_of_ctoa                                  (abs)        000000
__size_of_delayms                               (abs)        000000
__size_of_dtoa                                  (abs)        000000
__size_of_fputc                                 (abs)        000000
__size_of_fputs                                 (abs)        000000
__size_of_get_Data                              (abs)        000000
__size_of_init_port                             (abs)        000000
__size_of_main                                  (abs)        000000
__size_of_oled_clear                            (abs)        000000
__size_of_oled_clearRow                         (abs)        000000
__size_of_oled_devInit                          (abs)        000000
__size_of_oled_init                             (abs)        000000
__size_of_oled_initialDispayLine                (abs)        000000
__size_of_oled_powerControl                     (abs)        000000
__size_of_oled_putChar                          (abs)        000000
__size_of_oled_putString                        (abs)        000000
__size_of_oled_regulorResistorSelect            (abs)        000000
__size_of_oled_setContrastControlRegister       (abs)        000000
__size_of_oled_setDisplay                       (abs)        000000
__size_of_oled_setFont                          (abs)        000000
__size_of_oled_writeCommand                     (abs)        000000
__size_of_oled_writeData                        (abs)        000000
__size_of_pad                                   (abs)        000000
__size_of_putch                                 (abs)        000000
__size_of_sendCommand                           (abs)        000000
__size_of_sprintf                               (abs)        000000
__size_of_strlen                                (abs)        000000
__size_of_test_leds                             (abs)        000000
__size_of_vfpfcnvrt                             (abs)        000000
__size_of_vfprintf                              (abs)        000000
__smallconst                                    smallconst   000000
_abs                                            text11       006C7A
_ctoa                                           text14       0071E4
_dbuf                                           bssBANK0     0000DA
_delayms                                        text3        006BC6
_dtoa                                           text7        007982
_dtoa$1539                                      cstackCOMRAM 00002E
_eusart1RxLastError                             bssCOMRAM    00005F
_flags                                          bssBANK0     0000D0
_fputc                                          text15       007042
_fputs                                          text10       006CBA
_get_Data                                       text33       006AF0
_init_port                                      text32       00696A
_log                                            bssBANK0     0000D2
_main                                           text0        0075A8
_nout                                           bssBANK0     0000CA
_oled_clear                                     text25       0069EC
_oled_clearRow                                  text26       006A6A
_oled_devInit                                   text20       006E08
_oled_init                                      text17       006A92
_oled_initialDispayLine                         text24       006938
_oled_powerControl                              text23       006944
_oled_putChar                                   text27       006E80
_oled_putString                                 text2        006EFC
_oled_regulorResistorSelect                     text22       006950
_oled_setContrastControlRegister                text21       006988
_oled_setDisplay                                text19       006AC0
_oled_setFont                                   text18       006A06
_oled_writeCommand                              text31       006998
_oled_writeData                                 text28       0069AC
_pad                                            text8        006F7C
_prec                                           bssBANK0     0000CE
_putch                                          text16       006914
_selectedFont                                   dataBANK0    0000FA
_sendCommand                                    text42       006B24
_sprintf                                        text4        006CFE
_strlen                                         text9        006B5A
_test_leds                                      text1        006D50
_vfpfcnvrt                                      text6        00775C
_vfprintf                                       text5        006DA6
_width                                          bssBANK0     0000CC
abs@a                                           cstackCOMRAM 000013
ctoa@c                                          cstackCOMRAM 00000C
ctoa@fp                                         cstackCOMRAM 00000A
ctoa@l                                          cstackCOMRAM 00000E
ctoa@w                                          cstackCOMRAM 000010
delayms@counter                                 cstackCOMRAM 000004
delayms@length                                  cstackCOMRAM 000001
dtoa@d                                          cstackCOMRAM 00001E
dtoa@fp                                         cstackCOMRAM 00001C
dtoa@i                                          cstackCOMRAM 00003E
dtoa@n                                          cstackCOMRAM 000036
dtoa@p                                          cstackCOMRAM 000030
dtoa@s                                          cstackCOMRAM 000034
dtoa@w                                          cstackCOMRAM 000032
end_of_initialization                           cinit        006BBC
fputc@c                                         cstackCOMRAM 000001
fputc@fp                                        cstackCOMRAM 000003
fputs@c                                         cstackCOMRAM 00000E
fputs@fp                                        cstackCOMRAM 00000C
fputs@i                                         cstackCOMRAM 00000F
fputs@s                                         cstackCOMRAM 00000A
intlevel0                                       text         000000
intlevel1                                       text         000000
intlevel2                                       text         000000
intlevel3                                       text         000000
isa$std                                         (abs)        000001
isa$xinst                                       (abs)        000000
main@READ                                       cstackBANK0  00006A
main@read                                       cstackBANK0  0000AA
oled_clearRow@index                             cstackCOMRAM 00000E
oled_clearRow@page                              cstackCOMRAM 00000D
oled_initialDispayLine@line                     cstackCOMRAM 000002
oled_powerControl@vol                           cstackCOMRAM 000002
oled_putChar@index                              cstackCOMRAM 00000C
oled_putChar@k                                  cstackCOMRAM 00000B
oled_putChar@start_page                         cstackCOMRAM 000004
oled_putChar@station_dot                        cstackCOMRAM 000003
oled_putString@index                            cstackCOMRAM 000011
oled_putString@start_page                       cstackCOMRAM 000010
oled_putString@station_dot                      cstackCOMRAM 00000F
oled_putString@string                           cstackCOMRAM 00000D
oled_regulorResistorSelect@r                    cstackCOMRAM 000002
oled_setContrastControlRegister@mod             cstackCOMRAM 000002
oled_setDisplay@displayType                     cstackCOMRAM 000002
oled_setFont@font                               cstackCOMRAM 000001
oled_writeCommand@command                       cstackCOMRAM 000001
oled_writeData@data                             cstackCOMRAM 000001
pad@buf                                         cstackCOMRAM 000013
pad@fp                                          cstackCOMRAM 000011
pad@i                                           cstackCOMRAM 000018
pad@p                                           cstackCOMRAM 000015
pad@w                                           cstackCOMRAM 00001A
sendCommand@texto                               cstackCOMRAM 000002
sprintf@ap                                      cstackBANK0  000060
sprintf@f                                       cstackBANK0  000062
sprintf@fmt                                     cstackCOMRAM 00005B
sprintf@s                                       cstackCOMRAM 000059
stackhi                                         (abs)        0007FF
stacklo                                         (abs)        0000FD
start                                           init         000000
start_initialization                            cinit        006B90
strlen@a                                        cstackCOMRAM 000003
strlen@s                                        cstackCOMRAM 000001
vfpfcnvrt@ap                                    cstackCOMRAM 000044
vfpfcnvrt@c                                     cstackCOMRAM 000050
vfpfcnvrt@fmt                                   cstackCOMRAM 000042
vfpfcnvrt@fp                                    cstackCOMRAM 000040
vfpfcnvrt@ll                                    cstackCOMRAM 000048
vfprintf@ap                                     cstackCOMRAM 000055
vfprintf@cfmt                                   cstackCOMRAM 000057
vfprintf@fmt                                    cstackCOMRAM 000053
vfprintf@fp                                     cstackCOMRAM 000051


MODULE INFORMATION

Module		Function		Class		Link	Load	Size
C:\Program Files\Microchip\xc8\v2.32\pic\sources\c99\common\nf_sprintf.c
		_sprintf       		CODE           	6CFE	0000	82

C:\Program Files\Microchip\xc8\v2.32\pic\sources\c99\common\nf_sprintf.c estimated size: 82

C:\Program Files\Microchip\xc8\v2.32\pic\sources\c99\common\doprnt.c
		_vfpfcnvrt     		CODE           	775C	0000	550
		_pad           		CODE           	6F7C	0000	198
		_ctoa          		CODE           	71E4	0000	216
		_dtoa          		CODE           	7982	0000	738
		_vfprintf      		CODE           	6DA6	0000	98

C:\Program Files\Microchip\xc8\v2.32\pic\sources\c99\common\doprnt.c estimated size: 1800

mcc_generated_files/pin_manager.c
		_PIN_MANAGER_Initialize		CODE           	6C3C	0000	62

mcc_generated_files/pin_manager.c estimated size: 62

C:\Program Files\Microchip\xc8\v2.32\pic\sources\c99\common\nf_fputs.c
		_fputs         		CODE           	6CBA	0000	68

C:\Program Files\Microchip\xc8\v2.32\pic\sources\c99\common\nf_fputs.c estimated size: 68

C:\Program Files\Microchip\xc8\v2.32\pic\sources\c99\common\putch.c
		_putch         		CODE           	6914	0000	2

C:\Program Files\Microchip\xc8\v2.32\pic\sources\c99\common\putch.c estimated size: 2

SSD1306oLED.c
		_Set_Column_Address		CODE           	69D6	0000	22
		_oled_powerControl		CODE           	6944	0000	12
		_oled_putString		CODE           	6EFC	0000	128
		_oled_clear    		CODE           	69EC	0000	26
		_oled_regulorResistorSelect		CODE           	6950	0000	12
		_oled_clearRow 		CODE           	6A6A	0000	40
		_oled_initialDispayLine		CODE           	6938	0000	12
		_oled_writeCommand		CODE           	6998	0000	20
		_Set_Page_Address		CODE           	6978	0000	16
		_oled_writeData		CODE           	69AC	0000	20
		_oled_setDisplay		CODE           	6AC0	0000	48
		_oled_setContrastControlRegister		CODE           	6988	0000	16
		_oled_init     		CODE           	6A92	0000	46
		_oled_devInit  		CODE           	6E08	0000	120
		_oled_putChar  		CODE           	6E80	0000	124
		_oled_setFont  		CODE           	6A06	0000	28

SSD1306oLED.c estimated size: 690

C:\Program Files\Microchip\xc8\v2.32\pic\sources\c99\common\abs.c
		_abs           		CODE           	6C7A	0000	64

C:\Program Files\Microchip\xc8\v2.32\pic\sources\c99\common\abs.c estimated size: 64

C:\Program Files\Microchip\xc8\v2.32\pic\sources\c99\common\aomod.c
		___aomod       		CODE           	72BC	0000	356

C:\Program Files\Microchip\xc8\v2.32\pic\sources\c99\common\aomod.c estimated size: 356

shared
		_OledFont0     		MEDIUMCONST    	7C65	0000	768
		__initialization		CODE           	6B90	0000	44

shared estimated size: 812

mcc_generated_files/eusart1.c
		_EUSART1_Initialize		CODE           	6BFE	0000	62
		_EUSART1_SetFramingErrorHandler		CODE           	6924	0000	10
		_get_Data      		CODE           	6AF0	0000	52
		_EUSART1_Read  		CODE           	6A42	0000	40
		_EUSART1_SetOverrunErrorHandler		CODE           	692E	0000	10
		_EUSART1_SetErrorHandler		CODE           	691A	0000	10
		_EUSART1_Write 		CODE           	69C0	0000	22

mcc_generated_files/eusart1.c estimated size: 206

mcc_generated_files/mcc.c
		_OSCILLATOR_Initialize		CODE           	6A22	0000	32
		_SYSTEM_Initialize		CODE           	695C	0000	14

mcc_generated_files/mcc.c estimated size: 46

C:\Program Files\Microchip\xc8\v2.32\pic\sources\c99\common\nf_fputc.c
		_fputc         		CODE           	7042	0000	202

C:\Program Files\Microchip\xc8\v2.32\pic\sources\c99\common\nf_fputc.c estimated size: 202

C:\Program Files\Microchip\xc8\v2.32\pic\sources\c99\common\aodiv.c
		___aodiv       		CODE           	7420	0000	392

C:\Program Files\Microchip\xc8\v2.32\pic\sources\c99\common\aodiv.c estimated size: 392

main.c
		_RN_Leds       		CODE           	710C	0000	216
		_init_port     		CODE           	696A	0000	14
		_main          		CODE           	75A8	0000	436
		_test_leds     		CODE           	6D50	0000	86
		_sendCommand   		CODE           	6B24	0000	54
		_delayms       		CODE           	6BC6	0000	56

main.c estimated size: 862

C:\Program Files\Microchip\xc8\v2.32\pic\sources\c99\common\strlen.c
		_strlen        		CODE           	6B5A	0000	54

C:\Program Files\Microchip\xc8\v2.32\pic\sources\c99\common\strlen.c estimated size: 54

