Microchip MPLAB XC8 Compiler V2.32

Linker command line:

-W-3 --edf=C:\Program Files\Microchip\xc8\v2.32\pic\dat\en_msgs.txt -cn \
  -h+dist/default/production\tx_rn2903.X.production.sym \
  --cmf=dist/default/production\tx_rn2903.X.production.cmf -z -Q18LF45K50 \
  -oC:\Users\ASUS\AppData\Local\Temp\xcAs1uc.4 --defsym=__MPLAB_BUILD=1 \
  -Mdist/default/production/tx_rn2903.X.production.map -E1 \
  -ver=XC8 Compiler --acfsm=1493 -ASTACK=094h-07FFh -pstack=STACK \
  -ACODE=00h-07FFFh -ACONST=00h-07FFFh -ASMALLCONST=0800h-08FFhx120 \
  -AMEDIUMCONST=0800h-07FFFh -ACOMRAM=01h-05Fh -AABS1=00h-07FFh \
  -ABIGRAM=01h-07FFh -ARAM=060h-0FFh,0100h-01FFhx7 -ABANK0=060h-0FFh \
  -ABANK1=0100h-01FFh -ABANK2=0200h-02FFh -ABANK3=0300h-03FFh \
  -ABANK4=0400h-04FFh -ABANK5=0500h-05FFh -ABANK6=0600h-06FFh \
  -ABANK7=0700h-07FFh -ASFR=0F53h-0F5Fh,0F60h-0FFFh \
  -ACONFIG=0300000h-030000Dh -AIDLOC=0200000h-0200007h \
  -AEEDATA=0F00000h-0F000FFh -peeprom_data=EEDATA \
  -preset_vec=00h,intcode,intcodelo,powerup,init -pramtop=0800h \
  -psmallconst=SMALLCONST -pmediumconst=MEDIUMCONST -pconst=CONST \
  -AFARRAM=00h-00h \
  -prdata=COMRAM,nvrram=COMRAM,nvbit=COMRAM,rbss=COMRAM,rbit=COMRAM \
  -pfarbss=FARRAM,fardata=FARRAM,nvFARRAM=FARRAM \
  -pintsave_regs=BIGRAM,bigbss=BIGRAM,bigdata=BIGRAM -pbss=RAM \
  -pidata=CODE,irdata=CODE,ibigdata=CODE,ifardata=CODE -prparam=COMRAM \
  C:\Users\ASUS\AppData\Local\Temp\xcAs1uc.o \
  dist/default/production\tx_rn2903.X.production.o 

Object code version is 3.11

Machine type is 18LF45K50



                Name                               Link     Load   Length Selector   Space Scale
C:\Users\ASUS\AppData\Local\Temp\xcAs1uc.o
                idloc                            200000   200000        8        0       5
                config                           300000   300000        E        0       4
                init                                  0        0        4        0       0
dist/default/production\tx_rn2903.X.production.o
                idloc                            200000   200000        8        0       5
                config                           300000   300000        E        0       4
                mediumconst                        79EA     79EA      616     3CF5       0
                text38                             6660     6660       2A     3330       0
                text37                             6510     6510        A     3288       0
                text36                             651A     651A        A     328D       0
                text35                             6524     6524        A     3292       0
                text34                             67C6     67C6       40     33E3       0
                text33                             6618     6618       20     330C       0
                text32                             6788     6788       3E     33C4       0
                text31                             6552     6552        E     32A9       0
                text30                             671C     671C       36     338E       0
                text29                             658E     658E       14     32C7       0
                text28                             65B6     65B6       16     32DB       0
                text27                             656E     656E       10     32B7       0
                text26                             65A2     65A2       14     32D1       0
                text25                             692E     692E       7C     3497       0
                text24                             6638     6638       28     331C       0
                text23                             65E2     65E2       1A     32F1       0
                text22                             69AA     69AA       80     34D5       0
                text21                             65CC     65CC       16     32E6       0
                text20                             6752     6752       36     33A9       0
                text19                             650A     650A        2     3285       0
                text18                             6C2E     6C2E       CA     3617       0
                text17                             6CF8     6CF8       D8     367C       0
                text16                             6DD0     6DD0      15E     36E8       0
                text15                             6854     6854       62     342A       0
                text14                             6806     6806       4E     3403       0
                text13                             7436     7436      5B4     3A1B       0
                text12                             6560     6560        E     32B0       0
                text11                             652E     652E        C     3297       0
                text10                             653A     653A        C     329D       0
                text9                              6546     6546        C     32A3       0
                text8                              657E     657E       10     32BF       0
                text7                              68B6     68B6       78     345B       0
                text6                              66B8     66B8       30     335C       0
                text5                              65FC     65FC       1C     32FE       0
                text4                              668A     668A       2E     3345       0
                text3                              6B6A     6B6A       C4     35B5       0
                text2                              6ABA     6ABA       B0     355D       0
                text1                              6A2A     6A2A       90     3515       0
                text0                              6F2E     6F2E      508     3797       0
                cstackCOMRAM                          1        1       5F        1       1
                dataBANK0                            91       91        3       60       1
                bssBANK0                             60       60       31       60       1
                cinit                              66E8     66E8       34     3374       0
                idataBANK0                         650D     650D        3     650D       0

TOTAL           Name                               Link     Load   Length     Space
        CLASS   STACK          

        CLASS   CODE           
                init                                  0        0        4         0
                text38                             6660     6660       2A         0
                text37                             6510     6510        A         0
                text36                             651A     651A        A         0
                text35                             6524     6524        A         0
                text34                             67C6     67C6       40         0
                text33                             6618     6618       20         0
                text32                             6788     6788       3E         0
                text31                             6552     6552        E         0
                text30                             671C     671C       36         0
                text29                             658E     658E       14         0
                text28                             65B6     65B6       16         0
                text27                             656E     656E       10         0
                text26                             65A2     65A2       14         0
                text25                             692E     692E       7C         0
                text24                             6638     6638       28         0
                text23                             65E2     65E2       1A         0
                text22                             69AA     69AA       80         0
                text21                             65CC     65CC       16         0
                text20                             6752     6752       36         0
                text19                             650A     650A        2         0
                text18                             6C2E     6C2E       CA         0
                text17                             6CF8     6CF8       D8         0
                text16                             6DD0     6DD0      15E         0
                text15                             6854     6854       62         0
                text14                             6806     6806       4E         0
                text13                             7436     7436      5B4         0
                text12                             6560     6560        E         0
                text11                             652E     652E        C         0
                text10                             653A     653A        C         0
                text9                              6546     6546        C         0
                text8                              657E     657E       10         0
                text7                              68B6     68B6       78         0
                text6                              66B8     66B8       30         0
                text5                              65FC     65FC       1C         0
                text4                              668A     668A       2E         0
                text3                              6B6A     6B6A       C4         0
                text2                              6ABA     6ABA       B0         0
                text1                              6A2A     6A2A       90         0
                text0                              6F2E     6F2E      508         0
                cinit                              66E8     66E8       34         0
                idataBANK0                         650D     650D        3         0

        CLASS   CONST          

        CLASS   SMALLCONST     

        CLASS   MEDIUMCONST    
                mediumconst                        79EA     79EA      616         0

        CLASS   COMRAM         
                cstackCOMRAM                          1        1       5F         1

        CLASS   ABS1           

        CLASS   BIGRAM         

        CLASS   RAM            

        CLASS   BANK0          
                dataBANK0                            91       91        3         1
                bssBANK0                             60       60       31         1

        CLASS   BANK1          

        CLASS   BANK2          

        CLASS   BANK3          

        CLASS   BANK4          

        CLASS   BANK5          

        CLASS   BANK6          

        CLASS   BANK7          

        CLASS   SFR            

        CLASS   CONFIG         
                config                           300000   300000        E         4

        CLASS   IDLOC          
                idloc                            200000   200000        8         5

        CLASS   EEDATA         

        CLASS   FARRAM         



SEGMENTS        Name                           Load    Length   Top    Selector   Space  Class

                reset_vec                      000000  000004  000004         0       0  CODE    
                cstackCOMRAM                   000001  00005F  000060         1       1  COMRAM  
                bssBANK0                       000060  000034  000094        60       1  BANK0   
                text19                         00650A  000002  00650C      3285       0  CODE    
                idataBANK0                     00650D  000003  006510      650D       0  CODE    
                text37                         006510  00000A  00651A      3288       0  CODE    
                text36                         00651A  00000A  006524      328D       0  CODE    
                text35                         006524  00000A  00652E      3292       0  CODE    
                text11                         00652E  00000C  00653A      3297       0  CODE    
                text10                         00653A  00000C  006546      329D       0  CODE    
                text9                          006546  00000C  006552      32A3       0  CODE    
                text31                         006552  00000E  006560      32A9       0  CODE    
                text12                         006560  00000E  00656E      32B0       0  CODE    
                text27                         00656E  000010  00657E      32B7       0  CODE    
                text8                          00657E  000010  00658E      32BF       0  CODE    
                text29                         00658E  000014  0065A2      32C7       0  CODE    
                text26                         0065A2  000014  0065B6      32D1       0  CODE    
                text28                         0065B6  000016  0065CC      32DB       0  CODE    
                text21                         0065CC  000016  0065E2      32E6       0  CODE    
                text23                         0065E2  00001A  0065FC      32F1       0  CODE    
                text5                          0065FC  00001C  006618      32FE       0  CODE    
                text33                         006618  000020  006638      330C       0  CODE    
                text24                         006638  000028  006660      331C       0  CODE    
                text38                         006660  00002A  00668A      3330       0  CODE    
                text4                          00668A  00002E  0066B8      3345       0  CODE    
                text6                          0066B8  000030  0066E8      335C       0  CODE    
                cinit                          0066E8  000034  00671C      3374       0  CODE    
                text30                         00671C  000036  006752      338E       0  CODE    
                text20                         006752  000036  006788      33A9       0  CODE    
                text32                         006788  00003E  0067C6      33C4       0  CODE    
                text34                         0067C6  000040  006806      33E3       0  CODE    
                text14                         006806  00004E  006854      3403       0  CODE    
                text15                         006854  000062  0068B6      342A       0  CODE    
                text7                          0068B6  000078  00692E      345B       0  CODE    
                text25                         00692E  00007C  0069AA      3497       0  CODE    
                text22                         0069AA  000080  006A2A      34D5       0  CODE    
                text1                          006A2A  000090  006ABA      3515       0  CODE    
                text2                          006ABA  0000B0  006B6A      355D       0  CODE    
                text3                          006B6A  0000C4  006C2E      35B5       0  CODE    
                text18                         006C2E  0000CA  006CF8      3617       0  CODE    
                text17                         006CF8  0000D8  006DD0      367C       0  CODE    
                text16                         006DD0  00015E  006F2E      36E8       0  CODE    
                text0                          006F2E  000508  007436      3797       0  CODE    
                text13                         007436  0005B4  0079EA      3A1B       0  CODE    
                mediumconst                    0079EA  000616  008000      3CF5       0  MEDIUMCO


UNUSED ADDRESS RANGES

        Name                Unused          Largest block    Delta
        BANK0            000094-0000FF               6C
        BANK1            000100-0001FF              100
        BANK2            000200-0002FF              100
        BANK3            000300-0003FF              100
        BANK4            000400-0004FF              100
        BANK5            000500-0005FF              100
        BANK6            000600-0006FF              100
        BANK7            000700-0007FF              100
        BIGRAM           000094-0007FF              76C
        CODE             000004-006509             6506
                         00650C-00650C                1
        CONST            000004-006509             6506
                         00650C-00650C                1
        EEDATA           F00000-F000FF              100
        MEDIUMCONST      000800-006509             5D0A
                         00650C-00650C                1
        RAM              000094-0007FF              100
        SFR              000F53-000FFF                D
        SMALLCONST       000800-006509              100
                         00650C-00650C                1
        STACK            000094-0007FF              76C

                                  Symbol Table

?___awdiv                                       cstackCOMRAM 000001
?___awmod                                       cstackCOMRAM 000001
?_ctoa                                          cstackCOMRAM 00000A
?_get_Data                                      cstackCOMRAM 000001
?_sprintf                                       cstackCOMRAM 000023
?_vfpfcnvrt                                     cstackCOMRAM 000012
?_vfprintf                                      cstackCOMRAM 00001B
EUSART1_SetErrorHandler@interruptHandler        cstackCOMRAM 000001
EUSART1_SetFramingErrorHandler@interruptHandler cstackCOMRAM 000001
EUSART1_SetOverrunErrorHandler@interruptHandler cstackCOMRAM 000001
EUSART1_Write@txData                            cstackCOMRAM 000001
Set_Column_Address@address                      cstackCOMRAM 000002
Set_Page_Address@address                        cstackCOMRAM 000002
_ACTCON                                         (abs)        000FB5
_ANSELA                                         (abs)        000F5B
_ANSELB                                         (abs)        000F5C
_ANSELC                                         (abs)        000F5D
_ANSELD                                         (abs)        000F5E
_ANSELE                                         (abs)        000F5F
_BAUDCON1                                       (abs)        000FB8
_Contrast_level                                 dataBANK0    000093
_EUSART1_DefaultErrorHandler                    (abs)        000000
_EUSART1_DefaultFramingErrorHandler             (abs)        000000
_EUSART1_DefaultOverrunErrorHandler             (abs)        000000
_EUSART1_ErrorHandler                           bssBANK0     00008A
_EUSART1_FramingErrorHandler                    bssBANK0     00008E
_EUSART1_Initialize                             text34       0067C6
_EUSART1_OverrunErrorHandler                    bssBANK0     00008C
_EUSART1_Read                                   text38       006660
_EUSART1_SetErrorHandler                        text37       006510
_EUSART1_SetFramingErrorHandler                 text36       00651A
_EUSART1_SetOverrunErrorHandler                 text35       006524
_EUSART1_Write                                  text21       0065CC
_INTCON2bits                                    (abs)        000FF1
_INTCONbits                                     (abs)        000FF2
_LATA                                           (abs)        000F89
_LATAbits                                       (abs)        000F89
_LATB                                           (abs)        000F8A
_LATBbits                                       (abs)        000F8A
_LATC                                           (abs)        000F8B
_LATCbits                                       (abs)        000F8B
_LATD                                           (abs)        000F8C
_LATE                                           (abs)        000F8D
_LATEbits                                       (abs)        000F8D
_OSCCON                                         (abs)        000FD3
_OSCCON2                                        (abs)        000FD2
_OSCILLATOR_Initialize                          text33       006618
_OSCTUNE                                        (abs)        000F9B
_OledFont0                                      mediumconst  0079EB
_PIN_MANAGER_Initialize                         text32       006788
_PIR1bits                                       (abs)        000F9E
_PLLRDY                                         (abs)        007E97
_RCREG1                                         (abs)        000FAE
_RCSTA1                                         (abs)        000FAB
_RCSTA1bits                                     (abs)        000FAB
_SPBRG1                                         (abs)        000FAF
_SPBRGH1                                        (abs)        000FB0
_SYSTEM_Initialize                              text31       006552
_Set_Column_Address                             text28       0065B6
_Set_Page_Address                               text27       00656E
_TRISA                                          (abs)        000F92
_TRISAbits                                      (abs)        000F92
_TRISB                                          (abs)        000F93
_TRISBbits                                      (abs)        000F93
_TRISC                                          (abs)        000F94
_TRISCbits                                      (abs)        000F94
_TRISD                                          (abs)        000F95
_TRISE                                          (abs)        000F96
_TRISEbits                                      (abs)        000F96
_TXREG1                                         (abs)        000FAD
_TXSTA1                                         (abs)        000FAC
_TXSTA1bits                                     (abs)        000FAC
_WPUB                                           (abs)        000F85
__HRAM                                          (abs)        000000
__Habs1                                         abs1         000000
__Hbank0                                        bank0        000000
__Hbank1                                        bank1        000000
__Hbank2                                        bank2        000000
__Hbank3                                        bank3        000000
__Hbank4                                        bank4        000000
__Hbank5                                        bank5        000000
__Hbank6                                        bank6        000000
__Hbank7                                        bank7        000000
__Hbigbss                                       bigbss       000000
__Hbigdata                                      bigdata      000000
__Hbigram                                       bigram       000000
__Hbss                                          bss          000000
__HbssBANK0                                     bssBANK0     000000
__Hcinit                                        cinit        000000
__Hclrtext                                      clrtext      000000
__Hcomram                                       comram       000000
__Hconfig                                       config       30000E
__Hconst                                        const        000000
__HcstackCOMRAM                                 cstackCOMRAM 000000
__Hdata                                         data         000000
__HdataBANK0                                    dataBANK0    000000
__Heeprom_data                                  eeprom_data  000000
__Hfarbss                                       farbss       000000
__Hfardata                                      fardata      000000
__Hibigdata                                     ibigdata     000000
__Hidata                                        idata        000000
__HidataBANK0                                   idataBANK0   000000
__Hidloc                                        idloc        200008
__Hifardata                                     ifardata     000000
__Hinit                                         init         000004
__Hintcode                                      intcode      000000
__Hintcode_body                                 intcode_body 000000
__Hintcodelo                                    intcodelo    000000
__Hintentry                                     intentry     000000
__Hintret                                       intret       000000
__Hintsave_regs                                 intsave_regs 000000
__Hirdata                                       irdata       000000
__Hmediumconst                                  mediumconst  008000
__HnvFARRAM                                     nvFARRAM     000000
__Hnvbit                                        nvbit        000000
__Hnvrram                                       nvrram       000000
__Hparam                                        rparam       000000
__Hpowerup                                      powerup      000000
__Hram                                          ram          000000
__Hramtop                                       ramtop       000800
__Hrbit                                         rbit         000000
__Hrbss                                         rbss         000000
__Hrdata                                        rdata        000000
__Hreset_vec                                    reset_vec    000000
__Hrparam                                       rparam       000000
__Hsfr                                          sfr          000000
__Hsmallconst                                   smallconst   000000
__Hspace_0                                      (abs)        008000
__Hspace_1                                      (abs)        000094
__Hspace_2                                      (abs)        000000
__Hspace_4                                      (abs)        60000E
__Hstack                                        stack        000000
__Hstruct                                       struct       000000
__Htemp                                         temp         000000
__Htext                                         text         000000
__Htext0                                        text0        000000
__Htext1                                        text1        000000
__Htext10                                       text10       000000
__Htext11                                       text11       000000
__Htext12                                       text12       000000
__Htext13                                       text13       000000
__Htext14                                       text14       000000
__Htext15                                       text15       000000
__Htext16                                       text16       000000
__Htext17                                       text17       000000
__Htext18                                       text18       000000
__Htext19                                       text19       000000
__Htext2                                        text2        000000
__Htext20                                       text20       000000
__Htext21                                       text21       000000
__Htext22                                       text22       000000
__Htext23                                       text23       000000
__Htext24                                       text24       000000
__Htext25                                       text25       000000
__Htext26                                       text26       000000
__Htext27                                       text27       000000
__Htext28                                       text28       000000
__Htext29                                       text29       000000
__Htext3                                        text3        000000
__Htext30                                       text30       000000
__Htext31                                       text31       000000
__Htext32                                       text32       000000
__Htext33                                       text33       000000
__Htext34                                       text34       000000
__Htext35                                       text35       000000
__Htext36                                       text36       000000
__Htext37                                       text37       000000
__Htext38                                       text38       000000
__Htext4                                        text4        000000
__Htext5                                        text5        000000
__Htext6                                        text6        000000
__Htext7                                        text7        000000
__Htext8                                        text8        000000
__Htext9                                        text9        000000
__LRAM                                          (abs)        000001
__Labs1                                         abs1         000000
__Lbank0                                        bank0        000000
__Lbank1                                        bank1        000000
__Lbank2                                        bank2        000000
__Lbank3                                        bank3        000000
__Lbank4                                        bank4        000000
__Lbank5                                        bank5        000000
__Lbank6                                        bank6        000000
__Lbank7                                        bank7        000000
__Lbigbss                                       bigbss       000000
__Lbigdata                                      bigdata      000000
__Lbigram                                       bigram       000000
__Lbss                                          bss          000000
__LbssBANK0                                     bssBANK0     000000
__Lcinit                                        cinit        000000
__Lclrtext                                      clrtext      000000
__Lcomram                                       comram       000000
__Lconfig                                       config       000000
__Lconst                                        const        000000
__LcstackCOMRAM                                 cstackCOMRAM 000000
__Ldata                                         data         000000
__LdataBANK0                                    dataBANK0    000000
__Leeprom_data                                  eeprom_data  000000
__Lfarbss                                       farbss       000000
__Lfardata                                      fardata      000000
__Libigdata                                     ibigdata     000000
__Lidata                                        idata        000000
__LidataBANK0                                   idataBANK0   000000
__Lidloc                                        idloc        000000
__Lifardata                                     ifardata     000000
__Linit                                         init         000000
__Lintcode                                      intcode      000000
__Lintcode_body                                 intcode_body 000000
__Lintcodelo                                    intcodelo    000000
__Lintentry                                     intentry     000000
__Lintret                                       intret       000000
__Lintsave_regs                                 intsave_regs 000000
__Lirdata                                       irdata       000000
__Lmediumconst                                  mediumconst  0079EA
__LnvFARRAM                                     nvFARRAM     000000
__Lnvbit                                        nvbit        000000
__Lnvrram                                       nvrram       000000
__Lparam                                        rparam       000000
__Lpowerup                                      powerup      000000
__Lram                                          ram          000000
__Lramtop                                       ramtop       000800
__Lrbit                                         rbit         000000
__Lrbss                                         rbss         000000
__Lrdata                                        rdata        000000
__Lreset_vec                                    reset_vec    000000
__Lrparam                                       rparam       000000
__Lsfr                                          sfr          000000
__Lsmallconst                                   smallconst   000000
__Lspace_0                                      (abs)        000000
__Lspace_1                                      (abs)        000000
__Lspace_2                                      (abs)        000000
__Lspace_4                                      (abs)        000000
__Lstack                                        stack        000000
__Lstruct                                       struct       000000
__Ltemp                                         temp         000000
__Ltext                                         text         000000
__Ltext0                                        text0        000000
__Ltext1                                        text1        000000
__Ltext10                                       text10       000000
__Ltext11                                       text11       000000
__Ltext12                                       text12       000000
__Ltext13                                       text13       000000
__Ltext14                                       text14       000000
__Ltext15                                       text15       000000
__Ltext16                                       text16       000000
__Ltext17                                       text17       000000
__Ltext18                                       text18       000000
__Ltext19                                       text19       000000
__Ltext2                                        text2        000000
__Ltext20                                       text20       000000
__Ltext21                                       text21       000000
__Ltext22                                       text22       000000
__Ltext23                                       text23       000000
__Ltext24                                       text24       000000
__Ltext25                                       text25       000000
__Ltext26                                       text26       000000
__Ltext27                                       text27       000000
__Ltext28                                       text28       000000
__Ltext29                                       text29       000000
__Ltext3                                        text3        000000
__Ltext30                                       text30       000000
__Ltext31                                       text31       000000
__Ltext32                                       text32       000000
__Ltext33                                       text33       000000
__Ltext34                                       text34       000000
__Ltext35                                       text35       000000
__Ltext36                                       text36       000000
__Ltext37                                       text37       000000
__Ltext38                                       text38       000000
__Ltext4                                        text4        000000
__Ltext5                                        text5        000000
__Ltext6                                        text6        000000
__Ltext7                                        text7        000000
__Ltext8                                        text8        000000
__Ltext9                                        text9        000000
__S0                                            (abs)        008000
__S1                                            (abs)        000094
__S2                                            (abs)        000000
__S4                                            (abs)        000000
__S5                                            (abs)        000000
___awdiv                                        text3        006B6A
___awdiv@counter                                cstackCOMRAM 000005
___awdiv@dividend                               cstackCOMRAM 000001
___awdiv@divisor                                cstackCOMRAM 000003
___awdiv@quotient                               cstackCOMRAM 000007
___awdiv@sign                                   cstackCOMRAM 000006
___awmod                                        text2        006ABA
___awmod@counter                                cstackCOMRAM 000005
___awmod@dividend                               cstackCOMRAM 000001
___awmod@divisor                                cstackCOMRAM 000003
___awmod@sign                                   cstackCOMRAM 000006
___inthi_sp                                     stack        000000
___intlo_sp                                     stack        000000
___param_bank                                   (abs)        000000
___rparam_used                                  (abs)        000001
___sp                                           stack        000000
__accesstop                                     (abs)        000060
__activetblptr                                  (abs)        000002
__end_of_EUSART1_Initialize                     text34       006806
__end_of_EUSART1_Read                           text38       00668A
__end_of_EUSART1_SetErrorHandler                text37       00651A
__end_of_EUSART1_SetFramingErrorHandler         text36       006524
__end_of_EUSART1_SetOverrunErrorHandler         text35       00652E
__end_of_EUSART1_Write                          text21       0065E2
__end_of_OSCILLATOR_Initialize                  text33       006638
__end_of_OledFont0                              mediumconst  007CEB
__end_of_PIN_MANAGER_Initialize                 text32       0067C6
__end_of_SYSTEM_Initialize                      text31       006560
__end_of_Set_Column_Address                     text28       0065CC
__end_of_Set_Page_Address                       text27       00657E
__end_of___awdiv                                text3        006C2E
__end_of___awmod                                text2        006B6A
__end_of__initialization                        cinit        006712
__end_of_ctoa                                   text17       006DD0
__end_of_fputc                                  text18       006CF8
__end_of_get_Data                               text30       006752
__end_of_init_mod_LoRa                          text13       0079EA
__end_of_init_port                              text12       00656E
__end_of_main                                   text0        007436
__end_of_oled_clear                             text23       0065FC
__end_of_oled_clearRow                          text24       006660
__end_of_oled_devInit                           text7        00692E
__end_of_oled_init                              text4        0066B8
__end_of_oled_initialDispayLine                 text11       00653A
__end_of_oled_powerControl                      text10       006546
__end_of_oled_putChar                           text25       0069AA
__end_of_oled_putString                         text22       006A2A
__end_of_oled_putUint8                          text1        006ABA
__end_of_oled_regulorResistorSelect             text9        006552
__end_of_oled_setContrastControlRegister        text8        00658E
__end_of_oled_setDisplay                        text6        0066E8
__end_of_oled_setFont                           text5        006618
__end_of_oled_writeCommand                      text29       0065A2
__end_of_oled_writeData                         text26       0065B6
__end_of_putch                                  text19       00650C
__end_of_sendCommand                            text20       006788
__end_of_sprintf                                text14       006854
__end_of_vfpfcnvrt                              text16       006F2E
__end_of_vfprintf                               text15       0068B6
__initialization                                cinit        0066E8
__mediumconst                                   mediumconst  0079EA
__pbssBANK0                                     bssBANK0     000060
__pcinit                                        cinit        0066E8
__pcstackCOMRAM                                 cstackCOMRAM 000001
__pdataBANK0                                    dataBANK0    000091
__pidataBANK0                                   idataBANK0   00650D
__pmediumconst                                  mediumconst  0079EA
__ptext0                                        text0        006F2E
__ptext1                                        text1        006A2A
__ptext10                                       text10       00653A
__ptext11                                       text11       00652E
__ptext12                                       text12       006560
__ptext13                                       text13       007436
__ptext14                                       text14       006806
__ptext15                                       text15       006854
__ptext16                                       text16       006DD0
__ptext17                                       text17       006CF8
__ptext18                                       text18       006C2E
__ptext19                                       text19       00650A
__ptext2                                        text2        006ABA
__ptext20                                       text20       006752
__ptext21                                       text21       0065CC
__ptext22                                       text22       0069AA
__ptext23                                       text23       0065E2
__ptext24                                       text24       006638
__ptext25                                       text25       00692E
__ptext26                                       text26       0065A2
__ptext27                                       text27       00656E
__ptext28                                       text28       0065B6
__ptext29                                       text29       00658E
__ptext3                                        text3        006B6A
__ptext30                                       text30       00671C
__ptext31                                       text31       006552
__ptext32                                       text32       006788
__ptext33                                       text33       006618
__ptext34                                       text34       0067C6
__ptext35                                       text35       006524
__ptext36                                       text36       00651A
__ptext37                                       text37       006510
__ptext38                                       text38       006660
__ptext4                                        text4        00668A
__ptext5                                        text5        0065FC
__ptext6                                        text6        0066B8
__ptext7                                        text7        0068B6
__ptext8                                        text8        00657E
__ptext9                                        text9        006546
__ramtop                                        ramtop       000800
__size_of_EUSART1_Initialize                    (abs)        000000
__size_of_EUSART1_Read                          (abs)        000000
__size_of_EUSART1_SetErrorHandler               (abs)        000000
__size_of_EUSART1_SetFramingErrorHandler        (abs)        000000
__size_of_EUSART1_SetOverrunErrorHandler        (abs)        000000
__size_of_EUSART1_Write                         (abs)        000000
__size_of_OSCILLATOR_Initialize                 (abs)        000000
__size_of_PIN_MANAGER_Initialize                (abs)        000000
__size_of_SYSTEM_Initialize                     (abs)        000000
__size_of_Set_Column_Address                    (abs)        000000
__size_of_Set_Page_Address                      (abs)        000000
__size_of___awdiv                               (abs)        000000
__size_of___awmod                               (abs)        000000
__size_of_ctoa                                  (abs)        000000
__size_of_fputc                                 (abs)        000000
__size_of_get_Data                              (abs)        000000
__size_of_init_mod_LoRa                         (abs)        000000
__size_of_init_port                             (abs)        000000
__size_of_main                                  (abs)        000000
__size_of_oled_clear                            (abs)        000000
__size_of_oled_clearRow                         (abs)        000000
__size_of_oled_devInit                          (abs)        000000
__size_of_oled_init                             (abs)        000000
__size_of_oled_initialDispayLine                (abs)        000000
__size_of_oled_powerControl                     (abs)        000000
__size_of_oled_putChar                          (abs)        000000
__size_of_oled_putString                        (abs)        000000
__size_of_oled_putUint8                         (abs)        000000
__size_of_oled_regulorResistorSelect            (abs)        000000
__size_of_oled_setContrastControlRegister       (abs)        000000
__size_of_oled_setDisplay                       (abs)        000000
__size_of_oled_setFont                          (abs)        000000
__size_of_oled_writeCommand                     (abs)        000000
__size_of_oled_writeData                        (abs)        000000
__size_of_putch                                 (abs)        000000
__size_of_sendCommand                           (abs)        000000
__size_of_sprintf                               (abs)        000000
__size_of_vfpfcnvrt                             (abs)        000000
__size_of_vfprintf                              (abs)        000000
__smallconst                                    smallconst   000000
_ctoa                                           text17       006CF8
_eusart1RxLastError                             bssBANK0     000090
_flags                                          bssBANK0     000086
_fputc                                          text18       006C2E
_get_Data                                       text30       00671C
_init_mod_LoRa                                  text13       007436
_init_port                                      text12       006560
_log                                            bssBANK0     000088
_main                                           text0        006F2E
_nout                                           bssBANK0     000080
_oled_clear                                     text23       0065E2
_oled_clearRow                                  text24       006638
_oled_devInit                                   text7        0068B6
_oled_init                                      text4        00668A
_oled_initialDispayLine                         text11       00652E
_oled_powerControl                              text10       00653A
_oled_putChar                                   text25       00692E
_oled_putString                                 text22       0069AA
_oled_putUint8                                  text1        006A2A
_oled_regulorResistorSelect                     text9        006546
_oled_setContrastControlRegister                text8        00657E
_oled_setDisplay                                text6        0066B8
_oled_setFont                                   text5        0065FC
_oled_writeCommand                              text29       00658E
_oled_writeData                                 text26       0065A2
_prec                                           bssBANK0     000084
_putch                                          text19       00650A
_selectedFont                                   dataBANK0    000091
_sendCommand                                    text20       006752
_sprintf                                        text14       006806
_vfpfcnvrt                                      text16       006DD0
_vfprintf                                       text15       006854
_width                                          bssBANK0     000082
ctoa@c                                          cstackCOMRAM 00000C
ctoa@fp                                         cstackCOMRAM 00000A
ctoa@l                                          cstackCOMRAM 00000E
ctoa@w                                          cstackCOMRAM 000010
end_of_initialization                           cinit        006712
fputc@c                                         cstackCOMRAM 000001
fputc@fp                                        cstackCOMRAM 000003
init_mod_LoRa@READ                              cstackCOMRAM 000033
intlevel0                                       text         000000
intlevel1                                       text         000000
intlevel2                                       text         000000
intlevel3                                       text         000000
isa$std                                         (abs)        000001
isa$xinst                                       (abs)        000000
main@cont                                       cstackCOMRAM 00005F
main@read                                       cstackCOMRAM 00003F
oled_clearRow@index                             cstackCOMRAM 00000E
oled_clearRow@page                              cstackCOMRAM 00000D
oled_initialDispayLine@line                     cstackCOMRAM 000002
oled_powerControl@vol                           cstackCOMRAM 000002
oled_putChar@index                              cstackCOMRAM 00000C
oled_putChar@k                                  cstackCOMRAM 00000B
oled_putChar@start_page                         cstackCOMRAM 000004
oled_putChar@station_dot                        cstackCOMRAM 000003
oled_putString@index                            cstackCOMRAM 000011
oled_putString@start_page                       cstackCOMRAM 000010
oled_putString@station_dot                      cstackCOMRAM 00000F
oled_putString@string                           cstackCOMRAM 00000D
oled_putUint8@numData                           cstackCOMRAM 000015
oled_putUint8@number                            cstackCOMRAM 000014
oled_putUint8@start_page                        cstackCOMRAM 000013
oled_putUint8@station_dot                       cstackCOMRAM 000012
oled_regulorResistorSelect@r                    cstackCOMRAM 000002
oled_setContrastControlRegister@mod             cstackCOMRAM 000002
oled_setDisplay@displayType                     cstackCOMRAM 000002
oled_setFont@font                               cstackCOMRAM 000001
oled_writeCommand@command                       cstackCOMRAM 000001
oled_writeData@data                             cstackCOMRAM 000001
sendCommand@texto                               cstackCOMRAM 000002
sprintf@ap                                      cstackCOMRAM 000029
sprintf@f                                       cstackCOMRAM 00002B
sprintf@fmt                                     cstackCOMRAM 000025
sprintf@s                                       cstackCOMRAM 000023
stackhi                                         (abs)        0007FF
stacklo                                         (abs)        000094
start                                           init         000000
start_initialization                            cinit        0066E8
vfpfcnvrt@ap                                    cstackCOMRAM 000016
vfpfcnvrt@c                                     cstackCOMRAM 00001A
vfpfcnvrt@fmt                                   cstackCOMRAM 000014
vfpfcnvrt@fp                                    cstackCOMRAM 000012
vfprintf@ap                                     cstackCOMRAM 00001F
vfprintf@cfmt                                   cstackCOMRAM 000021
vfprintf@fmt                                    cstackCOMRAM 00001D
vfprintf@fp                                     cstackCOMRAM 00001B


MODULE INFORMATION

Module		Function		Class		Link	Load	Size
C:\Program Files\Microchip\xc8\v2.32\pic\sources\c99\common\awdiv.c
		___awdiv       		CODE           	6B6A	0000	196

C:\Program Files\Microchip\xc8\v2.32\pic\sources\c99\common\awdiv.c estimated size: 196

C:\Program Files\Microchip\xc8\v2.32\pic\sources\c99\common\nf_sprintf.c
		_sprintf       		CODE           	6806	0000	78

C:\Program Files\Microchip\xc8\v2.32\pic\sources\c99\common\nf_sprintf.c estimated size: 78

C:\Program Files\Microchip\xc8\v2.32\pic\sources\c99\common\doprnt.c
		_vfpfcnvrt     		CODE           	6DD0	0000	350
		_ctoa          		CODE           	6CF8	0000	216
		_vfprintf      		CODE           	6854	0000	98

C:\Program Files\Microchip\xc8\v2.32\pic\sources\c99\common\doprnt.c estimated size: 664

mcc_generated_files/pin_manager.c
		_PIN_MANAGER_Initialize		CODE           	6788	0000	62

mcc_generated_files/pin_manager.c estimated size: 62

C:\Program Files\Microchip\xc8\v2.32\pic\sources\c99\common\putch.c
		_putch         		CODE           	650A	0000	2

C:\Program Files\Microchip\xc8\v2.32\pic\sources\c99\common\putch.c estimated size: 2

SSD1306oLED.c
		_Set_Column_Address		CODE           	65B6	0000	22
		_oled_powerControl		CODE           	653A	0000	12
		_oled_putString		CODE           	69AA	0000	128
		_oled_clear    		CODE           	65E2	0000	26
		_oled_regulorResistorSelect		CODE           	6546	0000	12
		_oled_clearRow 		CODE           	6638	0000	40
		_oled_initialDispayLine		CODE           	652E	0000	12
		_oled_writeCommand		CODE           	658E	0000	20
		_Set_Page_Address		CODE           	656E	0000	16
		_oled_writeData		CODE           	65A2	0000	20
		_oled_setDisplay		CODE           	66B8	0000	48
		_oled_setContrastControlRegister		CODE           	657E	0000	16
		_oled_init     		CODE           	668A	0000	46
		_oled_devInit  		CODE           	68B6	0000	120
		_oled_putChar  		CODE           	692E	0000	124
		_oled_setFont  		CODE           	65FC	0000	28
		_oled_putUint8 		CODE           	6A2A	0000	144

SSD1306oLED.c estimated size: 834

shared
		_OledFont0     		MEDIUMCONST    	79EB	0000	768
		__initialization		CODE           	66E8	0000	42

shared estimated size: 810

mcc_generated_files/eusart1.c
		_EUSART1_Initialize		CODE           	67C6	0000	64
		_EUSART1_SetFramingErrorHandler		CODE           	651A	0000	10
		_get_Data      		CODE           	671C	0000	54
		_EUSART1_Read  		CODE           	6660	0000	42
		_EUSART1_SetOverrunErrorHandler		CODE           	6524	0000	10
		_EUSART1_SetErrorHandler		CODE           	6510	0000	10
		_EUSART1_Write 		CODE           	65CC	0000	22

mcc_generated_files/eusart1.c estimated size: 212

C:\Program Files\Microchip\xc8\v2.32\pic\sources\c99\common\awmod.c
		___awmod       		CODE           	6ABA	0000	176

C:\Program Files\Microchip\xc8\v2.32\pic\sources\c99\common\awmod.c estimated size: 176

mcc_generated_files/mcc.c
		_OSCILLATOR_Initialize		CODE           	6618	0000	32
		_SYSTEM_Initialize		CODE           	6552	0000	14

mcc_generated_files/mcc.c estimated size: 46

C:\Program Files\Microchip\xc8\v2.32\pic\sources\c99\common\nf_fputc.c
		_fputc         		CODE           	6C2E	0000	202

C:\Program Files\Microchip\xc8\v2.32\pic\sources\c99\common\nf_fputc.c estimated size: 202

main.c
		_init_port     		CODE           	6560	0000	14
		_main          		CODE           	6F2E	0000	1288
		_init_mod_LoRa 		CODE           	7436	0000	1460
		_sendCommand   		CODE           	6752	0000	54

main.c estimated size: 2816

