Microchip MPLAB XC8 Compiler V2.31

Linker command line:

-W-3 --edf=/opt/microchip/xc8/v2.31/pic/dat/en_msgs.txt -cn \
  -h+dist/default/production/Rx_Rn2903.X.production.sym \
  --cmf=dist/default/production/Rx_Rn2903.X.production.cmf -z -Q18LF45K50 \
  -o/tmp/xcXDKalDN --defsym=__MPLAB_BUILD=1 \
  -Mdist/default/production/Rx_Rn2903.X.production.map -E1 \
  -ver=XC8 Compiler --acfsm=1493 -ASTACK=0C0h-07FFh -pstack=STACK \
  -ACODE=00h-07FFFh -ACONST=00h-07FFFh -ASMALLCONST=0800h-08FFhx120 \
  -AMEDIUMCONST=0800h-07FFFh -ACOMRAM=01h-05Fh -AABS1=00h-07FFh \
  -ABIGRAM=01h-07FFh -ARAM=060h-0FFh,0100h-01FFhx7 -ABANK0=060h-0FFh \
  -ABANK1=0100h-01FFh -ABANK2=0200h-02FFh -ABANK3=0300h-03FFh \
  -ABANK4=0400h-04FFh -ABANK5=0500h-05FFh -ABANK6=0600h-06FFh \
  -ABANK7=0700h-07FFh -ASFR=0F53h-0F5Fh,0F60h-0FFFh \
  -ACONFIG=0300000h-030000Dh -AIDLOC=0200000h-0200007h \
  -AEEDATA=0F00000h-0F000FFh -peeprom_data=EEDATA \
  -preset_vec=00h,intcode,intcodelo,powerup,init -pramtop=0800h \
  -psmallconst=SMALLCONST -pmediumconst=MEDIUMCONST -pconst=CONST \
  -AFARRAM=00h-00h \
  -prdata=COMRAM,nvrram=COMRAM,nvbit=COMRAM,rbss=COMRAM,rbit=COMRAM \
  -pfarbss=FARRAM,fardata=FARRAM,nvFARRAM=FARRAM \
  -pintsave_regs=BIGRAM,bigbss=BIGRAM,bigdata=BIGRAM -pbss=RAM \
  -pidata=CODE,irdata=CODE,ibigdata=CODE,ifardata=CODE -prparam=COMRAM \
  /tmp/xcXbbfeBP.o dist/default/production/Rx_Rn2903.X.production.o 

Object code version is 3.11

Machine type is 18LF45K50



                Name                               Link     Load   Length Selector   Space Scale
/tmp/xcXbbfeBP.o
                idloc                            200000   200000        8        0       5
                config                           300000   300000        E        0       4
                init                                  0        0        4        0       0
dist/default/production/Rx_Rn2903.X.production.o
                idloc                            200000   200000        8        0       5
                config                           300000   300000        E        0       4
                mediumconst                        7A6A     7A6A      596     3D35       0
                text31                             749C     749C      1CC     3A4E       0
                text30                             6D3C     6D3C        A     369E       0
                text29                             6D46     6D46        A     36A3       0
                text28                             6D50     6D50        A     36A8       0
                text27                             6F74     6F74       3E     37BA       0
                text26                             6E44     6E44       20     3722       0
                text25                             6FB2     6FB2       3E     37D9       0
                text24                             6D7E     6D7E        E     36BF       0
                text23                             6DBA     6DBA       14     36DD       0
                text22                             6DE2     6DE2       16     36F1       0
                text21                             6D9A     6D9A       10     36CD       0
                text20                             6DCE     6DCE       14     36E7       0
                text19                             70CA     70CA       7C     3865       0
                text18                             6E84     6E84       28     3742       0
                text17                             6E0E     6E0E       1A     3707       0
                text16                             7146     7146       80     38A3       0
                text15                             71C6     71C6       D8     38E3       0
                text14                             6F0A     6F0A       34     3785       0
                text13                             729E     729E       F6     394F       0
                text12                             6DF8     6DF8       16     36FC       0
                text11                             6F3E     6F3E       36     379F       0
                text10                             7668     7668      402     3B34       0
                text9                              6D8C     6D8C        E     36C6       0
                text8                              6D5A     6D5A        C     36AD       0
                text7                              6D66     6D66        C     36B3       0
                text6                              6D72     6D72        C     36B9       0
                text5                              6DAA     6DAA       10     36D5       0
                text4                              7052     7052       78     3829       0
                text3                              6EDA     6EDA       30     376D       0
                text2                              6E28     6E28       1C     3714       0
                text1                              6EAC     6EAC       2E     3756       0
                text0                              7394     7394      108     39CA       0
                cstackCOMRAM                          1        1       3F        1       1
                dataBANK0                            A0       A0       20       60       1
                bssBANK0                             60       60       40       60       1
                dataCOMRAM                           49       49        4        1       1
                bssCOMRAM                            40       40        9        1       1
                cinit                              6FF0     6FF0       62     37F8       0
                idataBANK0                         6E64     6E64       20     6E64       0
                idataCOMRAM                        6D38     6D38        4     6D38       0

TOTAL           Name                               Link     Load   Length     Space
        CLASS   STACK          

        CLASS   CODE           
                init                                  0        0        4         0
                text31                             749C     749C      1CC         0
                text30                             6D3C     6D3C        A         0
                text29                             6D46     6D46        A         0
                text28                             6D50     6D50        A         0
                text27                             6F74     6F74       3E         0
                text26                             6E44     6E44       20         0
                text25                             6FB2     6FB2       3E         0
                text24                             6D7E     6D7E        E         0
                text23                             6DBA     6DBA       14         0
                text22                             6DE2     6DE2       16         0
                text21                             6D9A     6D9A       10         0
                text20                             6DCE     6DCE       14         0
                text19                             70CA     70CA       7C         0
                text18                             6E84     6E84       28         0
                text17                             6E0E     6E0E       1A         0
                text16                             7146     7146       80         0
                text15                             71C6     71C6       D8         0
                text14                             6F0A     6F0A       34         0
                text13                             729E     729E       F6         0
                text12                             6DF8     6DF8       16         0
                text11                             6F3E     6F3E       36         0
                text10                             7668     7668      402         0
                text9                              6D8C     6D8C        E         0
                text8                              6D5A     6D5A        C         0
                text7                              6D66     6D66        C         0
                text6                              6D72     6D72        C         0
                text5                              6DAA     6DAA       10         0
                text4                              7052     7052       78         0
                text3                              6EDA     6EDA       30         0
                text2                              6E28     6E28       1C         0
                text1                              6EAC     6EAC       2E         0
                text0                              7394     7394      108         0
                cinit                              6FF0     6FF0       62         0
                idataBANK0                         6E64     6E64       20         0
                idataCOMRAM                        6D38     6D38        4         0

        CLASS   CONST          

        CLASS   SMALLCONST     

        CLASS   MEDIUMCONST    
                mediumconst                        7A6A     7A6A      596         0

        CLASS   COMRAM         
                cstackCOMRAM                          1        1       3F         1
                dataCOMRAM                           49       49        4         1
                bssCOMRAM                            40       40        9         1

        CLASS   ABS1           

        CLASS   BIGRAM         

        CLASS   RAM            

        CLASS   BANK0          
                dataBANK0                            A0       A0       20         1
                bssBANK0                             60       60       40         1

        CLASS   BANK1          

        CLASS   BANK2          

        CLASS   BANK3          

        CLASS   BANK4          

        CLASS   BANK5          

        CLASS   BANK6          

        CLASS   BANK7          

        CLASS   SFR            

        CLASS   CONFIG         
                config                           300000   300000        E         4

        CLASS   IDLOC          
                idloc                            200000   200000        8         5

        CLASS   EEDATA         

        CLASS   FARRAM         



SEGMENTS        Name                           Load    Length   Top    Selector   Space  Class

                text18                         006E84  000028  006EAC      3742       0  CODE    
                text1                          006EAC  00002E  006EDA      3756       0  CODE    
                text3                          006EDA  000030  006F0A      376D       0  CODE    
                idataBANK0                     006E64  000020  006E84      6E64       0  CODE    
                text17                         006E0E  00001A  006E28      3707       0  CODE    
                text2                          006E28  00001C  006E44      3714       0  CODE    
                text26                         006E44  000020  006E64      3722       0  CODE    
                text14                         006F0A  000034  006F3E      3785       0  CODE    
                text4                          007052  000078  0070CA      3829       0  CODE    
                text19                         0070CA  00007C  007146      3865       0  CODE    
                text16                         007146  000080  0071C6      38A3       0  CODE    
                cinit                          006FF0  000062  007052      37F8       0  CODE    
                text11                         006F3E  000036  006F74      379F       0  CODE    
                text27                         006F74  00003E  006FB2      37BA       0  CODE    
                text25                         006FB2  00003E  006FF0      37D9       0  CODE    
                text8                          006D5A  00000C  006D66      36AD       0  CODE    
                text7                          006D66  00000C  006D72      36B3       0  CODE    
                text6                          006D72  00000C  006D7E      36B9       0  CODE    
                text28                         006D50  00000A  006D5A      36A8       0  CODE    
                idataCOMRAM                    006D38  000004  006D3C      6D38       0  CODE    
                text30                         006D3C  00000A  006D46      369E       0  CODE    
                text29                         006D46  00000A  006D50      36A3       0  CODE    
                text24                         006D7E  00000E  006D8C      36BF       0  CODE    
                text20                         006DCE  000014  006DE2      36E7       0  CODE    
                text22                         006DE2  000016  006DF8      36F1       0  CODE    
                text12                         006DF8  000016  006E0E      36FC       0  CODE    
                text23                         006DBA  000014  006DCE      36DD       0  CODE    
                text9                          006D8C  00000E  006D9A      36C6       0  CODE    
                text21                         006D9A  000010  006DAA      36CD       0  CODE    
                text5                          006DAA  000010  006DBA      36D5       0  CODE    
                text15                         0071C6  0000D8  00729E      38E3       0  CODE    
                cstackCOMRAM                   000001  00004C  00004D         1       1  COMRAM  
                reset_vec                      000000  000004  000004         0       0  CODE    
                mediumconst                    007A6A  000596  008000      3D35       0  MEDIUMCO
                text31                         00749C  0001CC  007668      3A4E       0  CODE    
                text0                          007394  000108  00749C      39CA       0  CODE    
                text10                         007668  000402  007A6A      3B34       0  CODE    
                text13                         00729E  0000F6  007394      394F       0  CODE    
                bssBANK0                       000060  000060  0000C0        60       1  BANK0   


UNUSED ADDRESS RANGES

        Name                Unused          Largest block    Delta
        BANK0            0000C0-0000FF               40
        BANK1            000100-0001FF              100
        BANK2            000200-0002FF              100
        BANK3            000300-0003FF              100
        BANK4            000400-0004FF              100
        BANK5            000500-0005FF              100
        BANK6            000600-0006FF              100
        BANK7            000700-0007FF              100
        BIGRAM           00004D-00005F               13
                         0000C0-0007FF              740
        CODE             000004-006D37             6D34
        COMRAM           00004D-00005F               13
        CONST            000004-006D37             6D34
        EEDATA           F00000-F000FF              100
        MEDIUMCONST      000800-006D37             6538
        RAM              0000C0-0007FF              100
        SFR              000F53-000FFF                D
        SMALLCONST       000800-006D37              100
        STACK            0000C0-0007FF              740

                                  Symbol Table

?_get_Data                                      cstackCOMRAM 000001
EUSART1_SetErrorHandler@interruptHandler        cstackCOMRAM 000001
EUSART1_SetFramingErrorHandler@interruptHandler cstackCOMRAM 000001
EUSART1_SetOverrunErrorHandler@interruptHandler cstackCOMRAM 000001
EUSART1_Write@txData                            cstackCOMRAM 000001
LoRA_DataAnswer_Decode@dataType                 cstackCOMRAM 000003
LoRA_DataAnswer_Decode@flag                     cstackCOMRAM 000002
LoRA_DataAnswer_Decode@i                        cstackCOMRAM 000004
Opening@F5428                                   dataBANK0    0000A0
Opening@aux                                     cstackCOMRAM 000019
Opening@i                                       cstackCOMRAM 00003A
Opening@size                                    cstackCOMRAM 000039
Set_Column_Address@address                      cstackCOMRAM 000002
Set_Page_Address@address                        cstackCOMRAM 000002
_ACTCON                                         (abs)        000FB5
_ANSELA                                         (abs)        000F5B
_ANSELB                                         (abs)        000F5C
_ANSELC                                         (abs)        000F5D
_ANSELD                                         (abs)        000F5E
_ANSELE                                         (abs)        000F5F
_BAUDCON1                                       (abs)        000FB8
_Contrast_level                                 dataCOMRAM   00004B
_EUSART1_DefaultErrorHandler                    (abs)        000000
_EUSART1_DefaultFramingErrorHandler             (abs)        000000
_EUSART1_DefaultOverrunErrorHandler             (abs)        000000
_EUSART1_ErrorHandler                           bssCOMRAM    000042
_EUSART1_FramingErrorHandler                    bssCOMRAM    000046
_EUSART1_Initialize                             text27       006F74
_EUSART1_OverrunErrorHandler                    bssCOMRAM    000044
_EUSART1_SetErrorHandler                        text30       006D3C
_EUSART1_SetFramingErrorHandler                 text29       006D46
_EUSART1_SetOverrunErrorHandler                 text28       006D50
_EUSART1_Write                                  text12       006DF8
_INTCON2bits                                    (abs)        000FF1
_INTCONbits                                     (abs)        000FF2
_LATA                                           (abs)        000F89
_LATAbits                                       (abs)        000F89
_LATB                                           (abs)        000F8A
_LATBbits                                       (abs)        000F8A
_LATC                                           (abs)        000F8B
_LATCbits                                       (abs)        000F8B
_LATD                                           (abs)        000F8C
_LATE                                           (abs)        000F8D
_LATEbits                                       (abs)        000F8D
_LoRA_DataAnswer_Decode                         text31       00749C
_LoRA_RX_data                                   bssBANK0     000060
_OSCCON                                         (abs)        000FD3
_OSCCON2                                        (abs)        000FD2
_OSCILLATOR_Initialize                          text26       006E44
_OSCTUNE                                        (abs)        000F9B
_OledFont0                                      mediumconst  007A6B
_Opening                                        text15       0071C6
_PIN_MANAGER_Initialize                         text25       006FB2
_PIR1bits                                       (abs)        000F9E
_PLLRDY                                         (abs)        007E97
_RCREG1                                         (abs)        000FAE
_RCSTA1                                         (abs)        000FAB
_RCSTA1bits                                     (abs)        000FAB
_SPBRG1                                         (abs)        000FAF
_SPBRGH1                                        (abs)        000FB0
_SYSTEM_Initialize                              text24       006D7E
_Set_Column_Address                             text22       006DE2
_Set_Page_Address                               text21       006D9A
_TRISA                                          (abs)        000F92
_TRISAbits                                      (abs)        000F92
_TRISB                                          (abs)        000F93
_TRISBbits                                      (abs)        000F93
_TRISC                                          (abs)        000F94
_TRISCbits                                      (abs)        000F94
_TRISD                                          (abs)        000F95
_TRISE                                          (abs)        000F96
_TRISEbits                                      (abs)        000F96
_TXREG1                                         (abs)        000FAD
_TXSTA1                                         (abs)        000FAC
_TXSTA1bits                                     (abs)        000FAC
_WPUB                                           (abs)        000F85
__HRAM                                          (abs)        000000
__Habs1                                         abs1         000000
__Hbank0                                        bank0        000000
__Hbank1                                        bank1        000000
__Hbank2                                        bank2        000000
__Hbank3                                        bank3        000000
__Hbank4                                        bank4        000000
__Hbank5                                        bank5        000000
__Hbank6                                        bank6        000000
__Hbank7                                        bank7        000000
__Hbigbss                                       bigbss       000000
__Hbigdata                                      bigdata      000000
__Hbigram                                       bigram       000000
__Hbss                                          bss          000000
__HbssBANK0                                     bssBANK0     000000
__HbssCOMRAM                                    bssCOMRAM    000000
__Hcinit                                        cinit        000000
__Hclrtext                                      clrtext      000000
__Hcomram                                       comram       000000
__Hconfig                                       config       30000E
__Hconst                                        const        000000
__HcstackCOMRAM                                 cstackCOMRAM 000000
__Hdata                                         data         000000
__HdataBANK0                                    dataBANK0    000000
__HdataCOMRAM                                   dataCOMRAM   000000
__Heeprom_data                                  eeprom_data  000000
__Hfarbss                                       farbss       000000
__Hfardata                                      fardata      000000
__Hibigdata                                     ibigdata     000000
__Hidata                                        idata        000000
__HidataBANK0                                   idataBANK0   000000
__HidataCOMRAM                                  idataCOMRAM  000000
__Hidloc                                        idloc        200008
__Hifardata                                     ifardata     000000
__Hinit                                         init         000004
__Hintcode                                      intcode      000000
__Hintcode_body                                 intcode_body 000000
__Hintcodelo                                    intcodelo    000000
__Hintentry                                     intentry     000000
__Hintret                                       intret       000000
__Hintsave_regs                                 intsave_regs 000000
__Hirdata                                       irdata       000000
__Hmediumconst                                  mediumconst  008000
__HnvFARRAM                                     nvFARRAM     000000
__Hnvbit                                        nvbit        000000
__Hnvrram                                       nvrram       000000
__Hparam                                        rparam       000000
__Hpowerup                                      powerup      000000
__Hram                                          ram          000000
__Hramtop                                       ramtop       000800
__Hrbit                                         rbit         000000
__Hrbss                                         rbss         000000
__Hrdata                                        rdata        000000
__Hreset_vec                                    reset_vec    000000
__Hrparam                                       rparam       000000
__Hsfr                                          sfr          000000
__Hsmallconst                                   smallconst   000000
__Hspace_0                                      (abs)        008000
__Hspace_1                                      (abs)        0000C0
__Hspace_2                                      (abs)        000000
__Hspace_4                                      (abs)        60000E
__Hstack                                        stack        000000
__Hstruct                                       struct       000000
__Htemp                                         temp         000000
__Htext                                         text         000000
__Htext0                                        text0        000000
__Htext1                                        text1        000000
__Htext10                                       text10       000000
__Htext11                                       text11       000000
__Htext12                                       text12       000000
__Htext13                                       text13       000000
__Htext14                                       text14       000000
__Htext15                                       text15       000000
__Htext16                                       text16       000000
__Htext17                                       text17       000000
__Htext18                                       text18       000000
__Htext19                                       text19       000000
__Htext2                                        text2        000000
__Htext20                                       text20       000000
__Htext21                                       text21       000000
__Htext22                                       text22       000000
__Htext23                                       text23       000000
__Htext24                                       text24       000000
__Htext25                                       text25       000000
__Htext26                                       text26       000000
__Htext27                                       text27       000000
__Htext28                                       text28       000000
__Htext29                                       text29       000000
__Htext3                                        text3        000000
__Htext30                                       text30       000000
__Htext31                                       text31       000000
__Htext4                                        text4        000000
__Htext5                                        text5        000000
__Htext6                                        text6        000000
__Htext7                                        text7        000000
__Htext8                                        text8        000000
__Htext9                                        text9        000000
__LRAM                                          (abs)        000001
__Labs1                                         abs1         000000
__Lbank0                                        bank0        000000
__Lbank1                                        bank1        000000
__Lbank2                                        bank2        000000
__Lbank3                                        bank3        000000
__Lbank4                                        bank4        000000
__Lbank5                                        bank5        000000
__Lbank6                                        bank6        000000
__Lbank7                                        bank7        000000
__Lbigbss                                       bigbss       000000
__Lbigdata                                      bigdata      000000
__Lbigram                                       bigram       000000
__Lbss                                          bss          000000
__LbssBANK0                                     bssBANK0     000000
__LbssCOMRAM                                    bssCOMRAM    000000
__Lcinit                                        cinit        000000
__Lclrtext                                      clrtext      000000
__Lcomram                                       comram       000000
__Lconfig                                       config       000000
__Lconst                                        const        000000
__LcstackCOMRAM                                 cstackCOMRAM 000000
__Ldata                                         data         000000
__LdataBANK0                                    dataBANK0    000000
__LdataCOMRAM                                   dataCOMRAM   000000
__Leeprom_data                                  eeprom_data  000000
__Lfarbss                                       farbss       000000
__Lfardata                                      fardata      000000
__Libigdata                                     ibigdata     000000
__Lidata                                        idata        000000
__LidataBANK0                                   idataBANK0   000000
__LidataCOMRAM                                  idataCOMRAM  000000
__Lidloc                                        idloc        000000
__Lifardata                                     ifardata     000000
__Linit                                         init         000000
__Lintcode                                      intcode      000000
__Lintcode_body                                 intcode_body 000000
__Lintcodelo                                    intcodelo    000000
__Lintentry                                     intentry     000000
__Lintret                                       intret       000000
__Lintsave_regs                                 intsave_regs 000000
__Lirdata                                       irdata       000000
__Lmediumconst                                  mediumconst  007A6A
__LnvFARRAM                                     nvFARRAM     000000
__Lnvbit                                        nvbit        000000
__Lnvrram                                       nvrram       000000
__Lparam                                        rparam       000000
__Lpowerup                                      powerup      000000
__Lram                                          ram          000000
__Lramtop                                       ramtop       000800
__Lrbit                                         rbit         000000
__Lrbss                                         rbss         000000
__Lrdata                                        rdata        000000
__Lreset_vec                                    reset_vec    000000
__Lrparam                                       rparam       000000
__Lsfr                                          sfr          000000
__Lsmallconst                                   smallconst   000000
__Lspace_0                                      (abs)        000000
__Lspace_1                                      (abs)        000000
__Lspace_2                                      (abs)        000000
__Lspace_4                                      (abs)        000000
__Lstack                                        stack        000000
__Lstruct                                       struct       000000
__Ltemp                                         temp         000000
__Ltext                                         text         000000
__Ltext0                                        text0        000000
__Ltext1                                        text1        000000
__Ltext10                                       text10       000000
__Ltext11                                       text11       000000
__Ltext12                                       text12       000000
__Ltext13                                       text13       000000
__Ltext14                                       text14       000000
__Ltext15                                       text15       000000
__Ltext16                                       text16       000000
__Ltext17                                       text17       000000
__Ltext18                                       text18       000000
__Ltext19                                       text19       000000
__Ltext2                                        text2        000000
__Ltext20                                       text20       000000
__Ltext21                                       text21       000000
__Ltext22                                       text22       000000
__Ltext23                                       text23       000000
__Ltext24                                       text24       000000
__Ltext25                                       text25       000000
__Ltext26                                       text26       000000
__Ltext27                                       text27       000000
__Ltext28                                       text28       000000
__Ltext29                                       text29       000000
__Ltext3                                        text3        000000
__Ltext30                                       text30       000000
__Ltext31                                       text31       000000
__Ltext4                                        text4        000000
__Ltext5                                        text5        000000
__Ltext6                                        text6        000000
__Ltext7                                        text7        000000
__Ltext8                                        text8        000000
__Ltext9                                        text9        000000
__S0                                            (abs)        008000
__S1                                            (abs)        0000C0
__S2                                            (abs)        000000
__S4                                            (abs)        000000
__S5                                            (abs)        000000
___inthi_sp                                     stack        000000
___intlo_sp                                     stack        000000
___param_bank                                   (abs)        000000
___rparam_used                                  (abs)        000001
___sp                                           stack        000000
__accesstop                                     (abs)        000060
__activetblptr                                  (abs)        000002
__end_of_EUSART1_Initialize                     text27       006FB2
__end_of_EUSART1_SetErrorHandler                text30       006D46
__end_of_EUSART1_SetFramingErrorHandler         text29       006D50
__end_of_EUSART1_SetOverrunErrorHandler         text28       006D5A
__end_of_EUSART1_Write                          text12       006E0E
__end_of_LoRA_DataAnswer_Decode                 text31       007668
__end_of_OSCILLATOR_Initialize                  text26       006E64
__end_of_OledFont0                              mediumconst  007D6B
__end_of_Opening                                text15       00729E
__end_of_PIN_MANAGER_Initialize                 text25       006FF0
__end_of_SYSTEM_Initialize                      text24       006D8C
__end_of_Set_Column_Address                     text22       006DF8
__end_of_Set_Page_Address                       text21       006DAA
__end_of__initialization                        cinit        007048
__end_of_get_Data                               text14       006F3E
__end_of_init_mod_LoRa                          text10       007A6A
__end_of_init_port                              text9        006D9A
__end_of_main                                   text0        00749C
__end_of_oled_clear                             text17       006E28
__end_of_oled_clearRow                          text18       006EAC
__end_of_oled_devInit                           text4        0070CA
__end_of_oled_init                              text1        006EDA
__end_of_oled_initialDispayLine                 text8        006D66
__end_of_oled_powerControl                      text7        006D72
__end_of_oled_putChar                           text19       007146
__end_of_oled_putString                         text16       0071C6
__end_of_oled_regulorResistorSelect             text6        006D7E
__end_of_oled_setContrastControlRegister        text5        006DBA
__end_of_oled_setDisplay                        text3        006F0A
__end_of_oled_setFont                           text2        006E44
__end_of_oled_writeCommand                      text23       006DCE
__end_of_oled_writeData                         text20       006DE2
__end_of_read_LoRA_cmd                          text13       007394
__end_of_sendCommand                            text11       006F74
__initialization                                cinit        006FF0
__mediumconst                                   mediumconst  007A6A
__pbssBANK0                                     bssBANK0     000060
__pbssCOMRAM                                    bssCOMRAM    000040
__pcinit                                        cinit        006FF0
__pcstackCOMRAM                                 cstackCOMRAM 000001
__pdataBANK0                                    dataBANK0    0000A0
__pdataCOMRAM                                   dataCOMRAM   000049
__pidataBANK0                                   idataBANK0   006E64
__pidataCOMRAM                                  idataCOMRAM  006D38
__pmediumconst                                  mediumconst  007A6A
__ptext0                                        text0        007394
__ptext1                                        text1        006EAC
__ptext10                                       text10       007668
__ptext11                                       text11       006F3E
__ptext12                                       text12       006DF8
__ptext13                                       text13       00729E
__ptext14                                       text14       006F0A
__ptext15                                       text15       0071C6
__ptext16                                       text16       007146
__ptext17                                       text17       006E0E
__ptext18                                       text18       006E84
__ptext19                                       text19       0070CA
__ptext2                                        text2        006E28
__ptext20                                       text20       006DCE
__ptext21                                       text21       006D9A
__ptext22                                       text22       006DE2
__ptext23                                       text23       006DBA
__ptext24                                       text24       006D7E
__ptext25                                       text25       006FB2
__ptext26                                       text26       006E44
__ptext27                                       text27       006F74
__ptext28                                       text28       006D50
__ptext29                                       text29       006D46
__ptext3                                        text3        006EDA
__ptext30                                       text30       006D3C
__ptext31                                       text31       00749C
__ptext4                                        text4        007052
__ptext5                                        text5        006DAA
__ptext6                                        text6        006D72
__ptext7                                        text7        006D66
__ptext8                                        text8        006D5A
__ptext9                                        text9        006D8C
__ramtop                                        ramtop       000800
__size_of_EUSART1_Initialize                    (abs)        000000
__size_of_EUSART1_SetErrorHandler               (abs)        000000
__size_of_EUSART1_SetFramingErrorHandler        (abs)        000000
__size_of_EUSART1_SetOverrunErrorHandler        (abs)        000000
__size_of_EUSART1_Write                         (abs)        000000
__size_of_LoRA_DataAnswer_Decode                (abs)        000000
__size_of_OSCILLATOR_Initialize                 (abs)        000000
__size_of_Opening                               (abs)        000000
__size_of_PIN_MANAGER_Initialize                (abs)        000000
__size_of_SYSTEM_Initialize                     (abs)        000000
__size_of_Set_Column_Address                    (abs)        000000
__size_of_Set_Page_Address                      (abs)        000000
__size_of_get_Data                              (abs)        000000
__size_of_init_mod_LoRa                         (abs)        000000
__size_of_init_port                             (abs)        000000
__size_of_main                                  (abs)        000000
__size_of_oled_clear                            (abs)        000000
__size_of_oled_clearRow                         (abs)        000000
__size_of_oled_devInit                          (abs)        000000
__size_of_oled_init                             (abs)        000000
__size_of_oled_initialDispayLine                (abs)        000000
__size_of_oled_powerControl                     (abs)        000000
__size_of_oled_putChar                          (abs)        000000
__size_of_oled_putString                        (abs)        000000
__size_of_oled_regulorResistorSelect            (abs)        000000
__size_of_oled_setContrastControlRegister       (abs)        000000
__size_of_oled_setDisplay                       (abs)        000000
__size_of_oled_setFont                          (abs)        000000
__size_of_oled_writeCommand                     (abs)        000000
__size_of_oled_writeData                        (abs)        000000
__size_of_read_LoRA_cmd                         (abs)        000000
__size_of_sendCommand                           (abs)        000000
__smallconst                                    smallconst   000000
_buff_size                                      dataCOMRAM   00004C
_cmd_message                                    bssBANK0     000080
_eusart1RxLastError                             bssCOMRAM    000048
_get_Data                                       text14       006F0A
_init_mod_LoRa                                  text10       007668
_init_port                                      text9        006D8C
_log                                            bssCOMRAM    000040
_main                                           text0        007394
_oled_clear                                     text17       006E0E
_oled_clearRow                                  text18       006E84
_oled_devInit                                   text4        007052
_oled_init                                      text1        006EAC
_oled_initialDispayLine                         text8        006D5A
_oled_powerControl                              text7        006D66
_oled_putChar                                   text19       0070CA
_oled_putString                                 text16       007146
_oled_regulorResistorSelect                     text6        006D72
_oled_setContrastControlRegister                text5        006DAA
_oled_setDisplay                                text3        006EDA
_oled_setFont                                   text2        006E28
_oled_writeCommand                              text23       006DBA
_oled_writeData                                 text20       006DCE
_read_LoRA_cmd                                  text13       00729E
_selectedFont                                   dataCOMRAM   000049
_sendCommand                                    text11       006F3E
end_of_initialization                           cinit        007048
intlevel0                                       text         000000
intlevel1                                       text         000000
intlevel2                                       text         000000
intlevel3                                       text         000000
main@dataType                                   cstackCOMRAM 00003F
oled_clearRow@index                             cstackCOMRAM 00000E
oled_clearRow@page                              cstackCOMRAM 00000D
oled_initialDispayLine@line                     cstackCOMRAM 000002
oled_powerControl@vol                           cstackCOMRAM 000002
oled_putChar@index                              cstackCOMRAM 00000C
oled_putChar@k                                  cstackCOMRAM 00000B
oled_putChar@start_page                         cstackCOMRAM 000004
oled_putChar@station_dot                        cstackCOMRAM 000003
oled_putString@index                            cstackCOMRAM 000011
oled_putString@start_page                       cstackCOMRAM 000010
oled_putString@station_dot                      cstackCOMRAM 00000F
oled_putString@string                           cstackCOMRAM 00000D
oled_regulorResistorSelect@r                    cstackCOMRAM 000002
oled_setContrastControlRegister@mod             cstackCOMRAM 000002
oled_setDisplay@displayType                     cstackCOMRAM 000002
oled_setFont@font                               cstackCOMRAM 000001
oled_writeCommand@command                       cstackCOMRAM 000001
oled_writeData@data                             cstackCOMRAM 000001
read_LoRA_cmd@Flag                              cstackCOMRAM 000006
read_LoRA_cmd@i                                 cstackCOMRAM 000008
sendCommand@texto                               cstackCOMRAM 000002
stackhi                                         (abs)        0007FF
stacklo                                         (abs)        0000C0
start                                           init         000000
start_initialization                            cinit        006FF0


FUNCTION INFORMATION:

 *************** function _main *****************
 Defined at:
		line 276 in file "main.c"
 Parameters:    Size  Location     Type
		None
 Auto vars:     Size  Location     Type
  dataType        1   62[COMRAM] unsigned char 
 Return value:  Size  Location     Type
                  1    wreg      void 
 Registers used:
		wreg, fsr0l, fsr0h, fsr1l, fsr1h, fsr2l, fsr2h, status,2, status,0, tblptrl, tblptrh, tblptru, prodl, prodh, cstack
 Tracked objects:
		On entry : 
		On exit  : 
		Unchanged: 
 Data sizes:     COMRAM   BANK0   BANK1   BANK2   BANK3   BANK4   BANK5   BANK6   BANK7
      Params:         0       0       0       0       0       0       0       0       0
      Locals:         1       0       0       0       0       0       0       0       0
      Temps:          2       0       0       0       0       0       0       0       0
      Totals:         3       0       0       0       0       0       0       0       0
Total ram usage:        3 bytes
 Hardware stack levels required when called:    7
 This function calls:
		_LoRA_DataAnswer_Decode
		_SYSTEM_Initialize
		_init_mod_LoRa
		_init_port
		_oled_clear
		_oled_init
		_oled_putString
		_read_LoRA_cmd
		_sendCommand
 This function is called by:
		Startup code after reset
 This function uses a non-reentrant model


 *************** function _oled_init *****************
 Defined at:
		line 366 in file "SSD1306oLED.c"
 Parameters:    Size  Location     Type
		None
 Auto vars:     Size  Location     Type
		None
 Return value:  Size  Location     Type
                  1    wreg      void 
 Registers used:
		wreg, status,2, status,0, tblptrl, tblptrh, tblptru, prodl, prodh, cstack
 Tracked objects:
		On entry : 
		On exit  : 
		Unchanged: 
 Data sizes:     COMRAM   BANK0   BANK1   BANK2   BANK3   BANK4   BANK5   BANK6   BANK7
      Params:         0       0       0       0       0       0       0       0       0
      Locals:         0       0       0       0       0       0       0       0       0
      Temps:          0       0       0       0       0       0       0       0       0
      Totals:         0       0       0       0       0       0       0       0       0
Total ram usage:        0 bytes
 Hardware stack levels used:    1
 Hardware stack levels required when called:    5
 This function calls:
		_oled_clear
		_oled_devInit
		_oled_setDisplay
		_oled_setFont
 This function is called by:
		_main
 This function uses a non-reentrant model


 *************** function _oled_setFont *****************
 Defined at:
		line 256 in file "SSD1306oLED.c"
 Parameters:    Size  Location     Type
  font            2    0[COMRAM] PTR const unsigned char 
		 -> OledFont0(768), 
 Auto vars:     Size  Location     Type
		None
 Return value:  Size  Location     Type
                  1    wreg      void 
 Registers used:
		wreg, status,2, status,0
 Tracked objects:
		On entry : 
		On exit  : 
		Unchanged: 
 Data sizes:     COMRAM   BANK0   BANK1   BANK2   BANK3   BANK4   BANK5   BANK6   BANK7
      Params:         2       0       0       0       0       0       0       0       0
      Locals:         0       0       0       0       0       0       0       0       0
      Temps:          0       0       0       0       0       0       0       0       0
      Totals:         2       0       0       0       0       0       0       0       0
Total ram usage:        2 bytes
 Hardware stack levels used:    1
 This function calls:
		Nothing
 This function is called by:
		_oled_init
 This function uses a non-reentrant model


 *************** function _oled_setDisplay *****************
 Defined at:
		line 411 in file "SSD1306oLED.c"
 Parameters:    Size  Location     Type
  displayType     1    wreg     enum E4838
 Auto vars:     Size  Location     Type
  displayType     1    1[COMRAM] enum E4838
 Return value:  Size  Location     Type
                  1    wreg      void 
 Registers used:
		wreg, status,2, cstack
 Tracked objects:
		On entry : 
		On exit  : 
		Unchanged: 
 Data sizes:     COMRAM   BANK0   BANK1   BANK2   BANK3   BANK4   BANK5   BANK6   BANK7
      Params:         0       0       0       0       0       0       0       0       0
      Locals:         1       0       0       0       0       0       0       0       0
      Temps:          0       0       0       0       0       0       0       0       0
      Totals:         1       0       0       0       0       0       0       0       0
Total ram usage:        1 bytes
 Hardware stack levels used:    1
 Hardware stack levels required when called:    1
 This function calls:
		_oled_writeCommand
 This function is called by:
		_oled_init
 This function uses a non-reentrant model


 *************** function _oled_devInit *****************
 Defined at:
		line 388 in file "SSD1306oLED.c"
 Parameters:    Size  Location     Type
		None
 Auto vars:     Size  Location     Type
		None
 Return value:  Size  Location     Type
                  1    wreg      void 
 Registers used:
		wreg, status,2, status,0, cstack
 Tracked objects:
		On entry : 
		On exit  : 
		Unchanged: 
 Data sizes:     COMRAM   BANK0   BANK1   BANK2   BANK3   BANK4   BANK5   BANK6   BANK7
      Params:         0       0       0       0       0       0       0       0       0
      Locals:         0       0       0       0       0       0       0       0       0
      Temps:          1       0       0       0       0       0       0       0       0
      Totals:         1       0       0       0       0       0       0       0       0
Total ram usage:        1 bytes
 Hardware stack levels used:    1
 Hardware stack levels required when called:    2
 This function calls:
		_oled_initialDispayLine
		_oled_powerControl
		_oled_regulorResistorSelect
		_oled_setContrastControlRegister
		_oled_writeCommand
 This function is called by:
		_oled_init
 This function uses a non-reentrant model


 *************** function _oled_setContrastControlRegister *****************
 Defined at:
		line 454 in file "SSD1306oLED.c"
 Parameters:    Size  Location     Type
  mod             1    wreg     unsigned char 
 Auto vars:     Size  Location     Type
  mod             1    1[COMRAM] unsigned char 
 Return value:  Size  Location     Type
                  1    wreg      void 
 Registers used:
		wreg, status,2, cstack
 Tracked objects:
		On entry : 
		On exit  : 
		Unchanged: 
 Data sizes:     COMRAM   BANK0   BANK1   BANK2   BANK3   BANK4   BANK5   BANK6   BANK7
      Params:         0       0       0       0       0       0       0       0       0
      Locals:         1       0       0       0       0       0       0       0       0
      Temps:          0       0       0       0       0       0       0       0       0
      Totals:         1       0       0       0       0       0       0       0       0
Total ram usage:        1 bytes
 Hardware stack levels used:    1
 Hardware stack levels required when called:    1
 This function calls:
		_oled_writeCommand
 This function is called by:
		_oled_devInit
 This function uses a non-reentrant model


 *************** function _oled_regulorResistorSelect *****************
 Defined at:
		line 482 in file "SSD1306oLED.c"
 Parameters:    Size  Location     Type
  r               1    wreg     unsigned char 
 Auto vars:     Size  Location     Type
  r               1    1[COMRAM] unsigned char 
 Return value:  Size  Location     Type
                  1    wreg      void 
 Registers used:
		wreg, status,2, status,0, cstack
 Tracked objects:
		On entry : 
		On exit  : 
		Unchanged: 
 Data sizes:     COMRAM   BANK0   BANK1   BANK2   BANK3   BANK4   BANK5   BANK6   BANK7
      Params:         0       0       0       0       0       0       0       0       0
      Locals:         1       0       0       0       0       0       0       0       0
      Temps:          0       0       0       0       0       0       0       0       0
      Totals:         1       0       0       0       0       0       0       0       0
Total ram usage:        1 bytes
 Hardware stack levels used:    1
 Hardware stack levels required when called:    1
 This function calls:
		_oled_writeCommand
 This function is called by:
		_oled_devInit
 This function uses a non-reentrant model


 *************** function _oled_powerControl *****************
 Defined at:
		line 469 in file "SSD1306oLED.c"
 Parameters:    Size  Location     Type
  vol             1    wreg     unsigned char 
 Auto vars:     Size  Location     Type
  vol             1    1[COMRAM] unsigned char 
 Return value:  Size  Location     Type
                  1    wreg      void 
 Registers used:
		wreg, status,2, status,0, cstack
 Tracked objects:
		On entry : 
		On exit  : 
		Unchanged: 
 Data sizes:     COMRAM   BANK0   BANK1   BANK2   BANK3   BANK4   BANK5   BANK6   BANK7
      Params:         0       0       0       0       0       0       0       0       0
      Locals:         1       0       0       0       0       0       0       0       0
      Temps:          0       0       0       0       0       0       0       0       0
      Totals:         1       0       0       0       0       0       0       0       0
Total ram usage:        1 bytes
 Hardware stack levels used:    1
 Hardware stack levels required when called:    1
 This function calls:
		_oled_writeCommand
 This function is called by:
		_oled_devInit
 This function uses a non-reentrant model


 *************** function _oled_initialDispayLine *****************
 Defined at:
		line 462 in file "SSD1306oLED.c"
 Parameters:    Size  Location     Type
  line            1    wreg     unsigned char 
 Auto vars:     Size  Location     Type
  line            1    1[COMRAM] unsigned char 
 Return value:  Size  Location     Type
                  1    wreg      void 
 Registers used:
		wreg, status,2, status,0, cstack
 Tracked objects:
		On entry : 
		On exit  : 
		Unchanged: 
 Data sizes:     COMRAM   BANK0   BANK1   BANK2   BANK3   BANK4   BANK5   BANK6   BANK7
      Params:         0       0       0       0       0       0       0       0       0
      Locals:         1       0       0       0       0       0       0       0       0
      Temps:          0       0       0       0       0       0       0       0       0
      Totals:         1       0       0       0       0       0       0       0       0
Total ram usage:        1 bytes
 Hardware stack levels used:    1
 Hardware stack levels required when called:    1
 This function calls:
		_oled_writeCommand
 This function is called by:
		_oled_devInit
 This function uses a non-reentrant model


 *************** function _init_port *****************
 Defined at:
		line 15 in file "main.c"
 Parameters:    Size  Location     Type
		None
 Auto vars:     Size  Location     Type
		None
 Return value:  Size  Location     Type
                  1    wreg      void 
 Registers used:
		wreg, status,2
 Tracked objects:
		On entry : 
		On exit  : 
		Unchanged: 
 Data sizes:     COMRAM   BANK0   BANK1   BANK2   BANK3   BANK4   BANK5   BANK6   BANK7
      Params:         0       0       0       0       0       0       0       0       0
      Locals:         0       0       0       0       0       0       0       0       0
      Temps:          0       0       0       0       0       0       0       0       0
      Totals:         0       0       0       0       0       0       0       0       0
Total ram usage:        0 bytes
 Hardware stack levels used:    1
 This function calls:
		Nothing
 This function is called by:
		_main
 This function uses a non-reentrant model


 *************** function _init_mod_LoRa *****************
 Defined at:
		line 124 in file "main.c"
 Parameters:    Size  Location     Type
		None
 Auto vars:     Size  Location     Type
		None
 Return value:  Size  Location     Type
                  1    wreg      void 
 Registers used:
		wreg, fsr0l, fsr0h, fsr1l, fsr1h, fsr2l, fsr2h, status,2, status,0, tblptrl, tblptrh, tblptru, prodl, prodh, cstack
 Tracked objects:
		On entry : 
		On exit  : 
		Unchanged: 
 Data sizes:     COMRAM   BANK0   BANK1   BANK2   BANK3   BANK4   BANK5   BANK6   BANK7
      Params:         0       0       0       0       0       0       0       0       0
      Locals:         0       0       0       0       0       0       0       0       0
      Temps:          2       0       0       0       0       0       0       0       0
      Totals:         2       0       0       0       0       0       0       0       0
Total ram usage:        2 bytes
 Hardware stack levels used:    1
 Hardware stack levels required when called:    6
 This function calls:
		_Opening
		_oled_clear
		_oled_putString
		_read_LoRA_cmd
		_sendCommand
 This function is called by:
		_main
 This function uses a non-reentrant model


 *************** function _sendCommand *****************
 Defined at:
		line 32 in file "main.c"
 Parameters:    Size  Location     Type
  texto           2    1[COMRAM] PTR unsigned char 
		 -> STR_41(13), STR_39(12), STR_37(20), STR_34(20), 
		 -> STR_31(22), STR_28(20), STR_25(21), STR_22(19), 
		 -> STR_19(27), STR_16(19), STR_13(18), STR_10(14), 
		 -> STR_5(26), STR_4(26), STR_3(26), STR_2(26), 
 Auto vars:     Size  Location     Type
		None
 Return value:  Size  Location     Type
                  1    wreg      void 
 Registers used:
		wreg, status,2, status,0, tblptrl, tblptrh, tblptru, cstack
 Tracked objects:
		On entry : 
		On exit  : 
		Unchanged: 
 Data sizes:     COMRAM   BANK0   BANK1   BANK2   BANK3   BANK4   BANK5   BANK6   BANK7
      Params:         2       0       0       0       0       0       0       0       0
      Locals:         0       0       0       0       0       0       0       0       0
      Temps:          0       0       0       0       0       0       0       0       0
      Totals:         2       0       0       0       0       0       0       0       0
Total ram usage:        2 bytes
 Hardware stack levels used:    1
 Hardware stack levels required when called:    1
 This function calls:
		_EUSART1_Write
 This function is called by:
		_init_mod_LoRa
		_main
		_RN_Leds
 This function uses a non-reentrant model


 *************** function _EUSART1_Write *****************
 Defined at:
		line 156 in file "mcc_generated_files/eusart1.c"
 Parameters:    Size  Location     Type
  txData          1    wreg     unsigned char 
 Auto vars:     Size  Location     Type
  txData          1    0[COMRAM] unsigned char 
 Return value:  Size  Location     Type
                  1    wreg      void 
 Registers used:
		wreg
 Tracked objects:
		On entry : 
		On exit  : 
		Unchanged: 
 Data sizes:     COMRAM   BANK0   BANK1   BANK2   BANK3   BANK4   BANK5   BANK6   BANK7
      Params:         0       0       0       0       0       0       0       0       0
      Locals:         1       0       0       0       0       0       0       0       0
      Temps:          0       0       0       0       0       0       0       0       0
      Totals:         1       0       0       0       0       0       0       0       0
Total ram usage:        1 bytes
 Hardware stack levels used:    1
 This function calls:
		Nothing
 This function is called by:
		_sendCommand
		_Endline
 This function uses a non-reentrant model


 *************** function _read_LoRA_cmd *****************
 Defined at:
		line 79 in file "main.c"
 Parameters:    Size  Location     Type
		None
 Auto vars:     Size  Location     Type
  i               2    7[COMRAM] int 
  Flag            2    5[COMRAM] int 
 Return value:  Size  Location     Type
                  1    wreg      void 
 Registers used:
		wreg, fsr2l, fsr2h, status,2, status,0, cstack
 Tracked objects:
		On entry : 
		On exit  : 
		Unchanged: 
 Data sizes:     COMRAM   BANK0   BANK1   BANK2   BANK3   BANK4   BANK5   BANK6   BANK7
      Params:         0       0       0       0       0       0       0       0       0
      Locals:         4       0       0       0       0       0       0       0       0
      Temps:          1       0       0       0       0       0       0       0       0
      Totals:         5       0       0       0       0       0       0       0       0
Total ram usage:        5 bytes
 Hardware stack levels used:    1
 Hardware stack levels required when called:    1
 This function calls:
		_get_Data
 This function is called by:
		_init_mod_LoRa
		_main
 This function uses a non-reentrant model


 *************** function _get_Data *****************
 Defined at:
		line 132 in file "mcc_generated_files/eusart1.c"
 Parameters:    Size  Location     Type
		None
 Auto vars:     Size  Location     Type
		None
 Return value:  Size  Location     Type
                  2    0[COMRAM] PTR unsigned char 
 Registers used:
		wreg, status,2
 Tracked objects:
		On entry : 
		On exit  : 
		Unchanged: 
 Data sizes:     COMRAM   BANK0   BANK1   BANK2   BANK3   BANK4   BANK5   BANK6   BANK7
      Params:         2       0       0       0       0       0       0       0       0
      Locals:         0       0       0       0       0       0       0       0       0
      Temps:          2       0       0       0       0       0       0       0       0
      Totals:         4       0       0       0       0       0       0       0       0
Total ram usage:        4 bytes
 Hardware stack levels used:    1
 This function calls:
		Nothing
 This function is called by:
		_read_LoRA_cmd
 This function uses a non-reentrant model


 *************** function _Opening *****************
 Defined at:
		line 105 in file "main.c"
 Parameters:    Size  Location     Type
		None
 Auto vars:     Size  Location     Type
  aux            32   24[COMRAM] unsigned char [32]
  i               1   57[COMRAM] unsigned char 
  size            1   56[COMRAM] unsigned char 
 Return value:  Size  Location     Type
                  1    wreg      void 
 Registers used:
		wreg, fsr0l, fsr0h, fsr1l, fsr1h, fsr2l, fsr2h, status,2, status,0, tblptrl, tblptrh, tblptru, prodl, prodh, cstack
 Tracked objects:
		On entry : 
		On exit  : 
		Unchanged: 
 Data sizes:     COMRAM   BANK0   BANK1   BANK2   BANK3   BANK4   BANK5   BANK6   BANK7
      Params:         0       0       0       0       0       0       0       0       0
      Locals:        34       0       0       0       0       0       0       0       0
      Temps:          7       0       0       0       0       0       0       0       0
      Totals:        41       0       0       0       0       0       0       0       0
Total ram usage:       41 bytes
 Hardware stack levels used:    1
 Hardware stack levels required when called:    5
 This function calls:
		_oled_clear
		_oled_putChar
		_oled_putString
 This function is called by:
		_init_mod_LoRa
 This function uses a non-reentrant model


 *************** function _oled_putString *****************
 Defined at:
		line 331 in file "SSD1306oLED.c"
 Parameters:    Size  Location     Type
  string          2   12[COMRAM] PTR const unsigned char 
		 -> oled_putUint16@numData(6), oled_putint8@numData(6), oled_putUint8@numData(6), STR_42(10), 
		 -> STR_40(9), STR_38(10), LoRA_RX_data(32), STR_36(14), 
		 -> STR_35(10), STR_33(17), STR_32(12), STR_30(14), 
		 -> STR_29(9), STR_27(15), STR_26(15), STR_24(17), 
		 -> STR_23(10), STR_21(17), STR_20(11), STR_18(17), 
		 -> STR_17(13), STR_15(15), STR_14(8), STR_12(16), 
		 -> STR_11(17), STR_9(3), STR_8(13), STR_7(11), 
		 -> STR_6(17), cmd_message(32), STR_1(10), 
  station_dot     1   14[COMRAM] unsigned char 
  start_page      1   15[COMRAM] unsigned char 
 Auto vars:     Size  Location     Type
  index           1   16[COMRAM] unsigned char 
 Return value:  Size  Location     Type
                  1    wreg      void 
 Registers used:
		wreg, fsr0l, fsr0h, status,2, status,0, tblptrl, tblptrh, tblptru, prodl, prodh, cstack
 Tracked objects:
		On entry : 
		On exit  : 
		Unchanged: 
 Data sizes:     COMRAM   BANK0   BANK1   BANK2   BANK3   BANK4   BANK5   BANK6   BANK7
      Params:         4       0       0       0       0       0       0       0       0
      Locals:         1       0       0       0       0       0       0       0       0
      Temps:          0       0       0       0       0       0       0       0       0
      Totals:         5       0       0       0       0       0       0       0       0
Total ram usage:        5 bytes
 Hardware stack levels used:    1
 Hardware stack levels required when called:    3
 This function calls:
		_oled_putChar
 This function is called by:
		_Opening
		_init_mod_LoRa
		_main
		_test_leds
		_oled_putUint8
		_oled_putint8
		_oled_putUint16
 This function uses a non-reentrant model


 *************** function _oled_clear *****************
 Defined at:
		line 348 in file "SSD1306oLED.c"
 Parameters:    Size  Location     Type
		None
 Auto vars:     Size  Location     Type
		None
 Return value:  Size  Location     Type
                  1    wreg      void 
 Registers used:
		wreg, status,2, status,0, tblptrl, tblptrh, tblptru, prodl, prodh, cstack
 Tracked objects:
		On entry : 
		On exit  : 
		Unchanged: 
 Data sizes:     COMRAM   BANK0   BANK1   BANK2   BANK3   BANK4   BANK5   BANK6   BANK7
      Params:         0       0       0       0       0       0       0       0       0
      Locals:         0       0       0       0       0       0       0       0       0
      Temps:          0       0       0       0       0       0       0       0       0
      Totals:         0       0       0       0       0       0       0       0       0
Total ram usage:        0 bytes
 Hardware stack levels used:    1
 Hardware stack levels required when called:    4
 This function calls:
		_oled_clearRow
 This function is called by:
		_Opening
		_init_mod_LoRa
		_main
		_oled_init
 This function uses a non-reentrant model


 *************** function _oled_clearRow *****************
 Defined at:
		line 356 in file "SSD1306oLED.c"
 Parameters:    Size  Location     Type
  page            1    wreg     unsigned char 
 Auto vars:     Size  Location     Type
  page            1   12[COMRAM] unsigned char 
  index           1   13[COMRAM] unsigned char 
 Return value:  Size  Location     Type
                  1    wreg      void 
 Registers used:
		wreg, status,2, status,0, tblptrl, tblptrh, tblptru, prodl, prodh, cstack
 Tracked objects:
		On entry : 
		On exit  : 
		Unchanged: 
 Data sizes:     COMRAM   BANK0   BANK1   BANK2   BANK3   BANK4   BANK5   BANK6   BANK7
      Params:         0       0       0       0       0       0       0       0       0
      Locals:         2       0       0       0       0       0       0       0       0
      Temps:          0       0       0       0       0       0       0       0       0
      Totals:         2       0       0       0       0       0       0       0       0
Total ram usage:        2 bytes
 Hardware stack levels used:    1
 Hardware stack levels required when called:    3
 This function calls:
		_oled_putChar
 This function is called by:
		_oled_clear
 This function uses a non-reentrant model


 *************** function _oled_putChar *****************
 Defined at:
		line 318 in file "SSD1306oLED.c"
 Parameters:    Size  Location     Type
  k               1    wreg     unsigned char 
  station_dot     1    2[COMRAM] unsigned char 
  start_page      1    3[COMRAM] unsigned char 
 Auto vars:     Size  Location     Type
  k               1   10[COMRAM] unsigned char 
  index           1   11[COMRAM] unsigned char 
 Return value:  Size  Location     Type
                  1    wreg      void 
 Registers used:
		wreg, status,2, status,0, tblptrl, tblptrh, tblptru, prodl, prodh, cstack
 Tracked objects:
		On entry : 
		On exit  : 
		Unchanged: 
 Data sizes:     COMRAM   BANK0   BANK1   BANK2   BANK3   BANK4   BANK5   BANK6   BANK7
      Params:         2       0       0       0       0       0       0       0       0
      Locals:         2       0       0       0       0       0       0       0       0
      Temps:          6       0       0       0       0       0       0       0       0
      Totals:        10       0       0       0       0       0       0       0       0
Total ram usage:       10 bytes
 Hardware stack levels used:    1
 Hardware stack levels required when called:    2
 This function calls:
		_Set_Column_Address
		_Set_Page_Address
		_oled_writeData
 This function is called by:
		_Opening
		_oled_putString
		_oled_clearRow
 This function uses a non-reentrant model


 *************** function _oled_writeData *****************
 Defined at:
		line 442 in file "SSD1306oLED.c"
 Parameters:    Size  Location     Type
  data            1    wreg     unsigned char 
 Auto vars:     Size  Location     Type
  data            1    0[COMRAM] unsigned char 
 Return value:  Size  Location     Type
                  1    wreg      void 
 Registers used:
		wreg
 Tracked objects:
		On entry : 
		On exit  : 
		Unchanged: 
 Data sizes:     COMRAM   BANK0   BANK1   BANK2   BANK3   BANK4   BANK5   BANK6   BANK7
      Params:         0       0       0       0       0       0       0       0       0
      Locals:         1       0       0       0       0       0       0       0       0
      Temps:          0       0       0       0       0       0       0       0       0
      Totals:         1       0       0       0       0       0       0       0       0
Total ram usage:        1 bytes
 Hardware stack levels used:    1
 This function calls:
		Nothing
 This function is called by:
		_oled_putChar
 This function uses a non-reentrant model


 *************** function _Set_Page_Address *****************
 Defined at:
		line 241 in file "SSD1306oLED.c"
 Parameters:    Size  Location     Type
  address         1    wreg     unsigned char 
 Auto vars:     Size  Location     Type
  address         1    1[COMRAM] unsigned char 
 Return value:  Size  Location     Type
                  1    wreg      void 
 Registers used:
		wreg, status,2, status,0, cstack
 Tracked objects:
		On entry : 
		On exit  : 
		Unchanged: 
 Data sizes:     COMRAM   BANK0   BANK1   BANK2   BANK3   BANK4   BANK5   BANK6   BANK7
      Params:         0       0       0       0       0       0       0       0       0
      Locals:         1       0       0       0       0       0       0       0       0
      Temps:          0       0       0       0       0       0       0       0       0
      Totals:         1       0       0       0       0       0       0       0       0
Total ram usage:        1 bytes
 Hardware stack levels used:    1
 Hardware stack levels required when called:    1
 This function calls:
		_oled_writeCommand
 This function is called by:
		_oled_putChar
 This function uses a non-reentrant model


 *************** function _Set_Column_Address *****************
 Defined at:
		line 249 in file "SSD1306oLED.c"
 Parameters:    Size  Location     Type
  address         1    wreg     unsigned char 
 Auto vars:     Size  Location     Type
  address         1    1[COMRAM] unsigned char 
 Return value:  Size  Location     Type
                  1    wreg      void 
 Registers used:
		wreg, status,2, status,0, cstack
 Tracked objects:
		On entry : 
		On exit  : 
		Unchanged: 
 Data sizes:     COMRAM   BANK0   BANK1   BANK2   BANK3   BANK4   BANK5   BANK6   BANK7
      Params:         0       0       0       0       0       0       0       0       0
      Locals:         1       0       0       0       0       0       0       0       0
      Temps:          0       0       0       0       0       0       0       0       0
      Totals:         1       0       0       0       0       0       0       0       0
Total ram usage:        1 bytes
 Hardware stack levels used:    1
 Hardware stack levels required when called:    1
 This function calls:
		_oled_writeCommand
 This function is called by:
		_oled_putChar
 This function uses a non-reentrant model


 *************** function _oled_writeCommand *****************
 Defined at:
		line 430 in file "SSD1306oLED.c"
 Parameters:    Size  Location     Type
  command         1    wreg     unsigned char 
 Auto vars:     Size  Location     Type
  command         1    0[COMRAM] unsigned char 
 Return value:  Size  Location     Type
                  1    wreg      void 
 Registers used:
		wreg
 Tracked objects:
		On entry : 
		On exit  : 
		Unchanged: 
 Data sizes:     COMRAM   BANK0   BANK1   BANK2   BANK3   BANK4   BANK5   BANK6   BANK7
      Params:         0       0       0       0       0       0       0       0       0
      Locals:         1       0       0       0       0       0       0       0       0
      Temps:          0       0       0       0       0       0       0       0       0
      Totals:         1       0       0       0       0       0       0       0       0
Total ram usage:        1 bytes
 Hardware stack levels used:    1
 This function calls:
		Nothing
 This function is called by:
		_Set_Page_Address
		_Set_Column_Address
		_oled_devInit
		_oled_setDisplay
		_oled_setContrastControlRegister
		_oled_initialDispayLine
		_oled_powerControl
		_oled_regulorResistorSelect
		_oled_displayOff
 This function uses a non-reentrant model


 *************** function _SYSTEM_Initialize *****************
 Defined at:
		line 50 in file "mcc_generated_files/mcc.c"
 Parameters:    Size  Location     Type
		None
 Auto vars:     Size  Location     Type
		None
 Return value:  Size  Location     Type
                  1    wreg      void 
 Registers used:
		wreg, status,2, status,0, cstack
 Tracked objects:
		On entry : 
		On exit  : 
		Unchanged: 
 Data sizes:     COMRAM   BANK0   BANK1   BANK2   BANK3   BANK4   BANK5   BANK6   BANK7
      Params:         0       0       0       0       0       0       0       0       0
      Locals:         0       0       0       0       0       0       0       0       0
      Temps:          0       0       0       0       0       0       0       0       0
      Totals:         0       0       0       0       0       0       0       0       0
Total ram usage:        0 bytes
 Hardware stack levels used:    1
 Hardware stack levels required when called:    2
 This function calls:
		_EUSART1_Initialize
		_OSCILLATOR_Initialize
		_PIN_MANAGER_Initialize
 This function is called by:
		_main
 This function uses a non-reentrant model


 *************** function _PIN_MANAGER_Initialize *****************
 Defined at:
		line 55 in file "mcc_generated_files/pin_manager.c"
 Parameters:    Size  Location     Type
		None
 Auto vars:     Size  Location     Type
		None
 Return value:  Size  Location     Type
                  1    wreg      void 
 Registers used:
		wreg, status,2
 Tracked objects:
		On entry : 
		On exit  : 
		Unchanged: 
 Data sizes:     COMRAM   BANK0   BANK1   BANK2   BANK3   BANK4   BANK5   BANK6   BANK7
      Params:         0       0       0       0       0       0       0       0       0
      Locals:         0       0       0       0       0       0       0       0       0
      Temps:          0       0       0       0       0       0       0       0       0
      Totals:         0       0       0       0       0       0       0       0       0
Total ram usage:        0 bytes
 Hardware stack levels used:    1
 This function calls:
		Nothing
 This function is called by:
		_SYSTEM_Initialize
 This function uses a non-reentrant model


 *************** function _OSCILLATOR_Initialize *****************
 Defined at:
		line 58 in file "mcc_generated_files/mcc.c"
 Parameters:    Size  Location     Type
		None
 Auto vars:     Size  Location     Type
		None
 Return value:  Size  Location     Type
                  1    wreg      void 
 Registers used:
		wreg, status,2
 Tracked objects:
		On entry : 
		On exit  : 
		Unchanged: 
 Data sizes:     COMRAM   BANK0   BANK1   BANK2   BANK3   BANK4   BANK5   BANK6   BANK7
      Params:         0       0       0       0       0       0       0       0       0
      Locals:         0       0       0       0       0       0       0       0       0
      Temps:          0       0       0       0       0       0       0       0       0
      Totals:         0       0       0       0       0       0       0       0       0
Total ram usage:        0 bytes
 Hardware stack levels used:    1
 This function calls:
		Nothing
 This function is called by:
		_SYSTEM_Initialize
 This function uses a non-reentrant model


 *************** function _EUSART1_Initialize *****************
 Defined at:
		line 66 in file "mcc_generated_files/eusart1.c"
 Parameters:    Size  Location     Type
		None
 Auto vars:     Size  Location     Type
		None
 Return value:  Size  Location     Type
                  1    wreg      void 
 Registers used:
		wreg, status,2, status,0, cstack
 Tracked objects:
		On entry : 
		On exit  : 
		Unchanged: 
 Data sizes:     COMRAM   BANK0   BANK1   BANK2   BANK3   BANK4   BANK5   BANK6   BANK7
      Params:         0       0       0       0       0       0       0       0       0
      Locals:         0       0       0       0       0       0       0       0       0
      Temps:          0       0       0       0       0       0       0       0       0
      Totals:         0       0       0       0       0       0       0       0       0
Total ram usage:        0 bytes
 Hardware stack levels used:    1
 Hardware stack levels required when called:    1
 This function calls:
		_EUSART1_SetErrorHandler
		_EUSART1_SetFramingErrorHandler
		_EUSART1_SetOverrunErrorHandler
 This function is called by:
		_SYSTEM_Initialize
 This function uses a non-reentrant model


 *************** function _EUSART1_SetOverrunErrorHandler *****************
 Defined at:
		line 185 in file "mcc_generated_files/eusart1.c"
 Parameters:    Size  Location     Type
  interruptHan    2    0[COMRAM] PTR FTN()void 
		 -> EUSART1_DefaultOverrunErrorHandler(1), 
 Auto vars:     Size  Location     Type
		None
 Return value:  Size  Location     Type
                  1    wreg      void 
 Registers used:
		wreg, status,2, status,0
 Tracked objects:
		On entry : 
		On exit  : 
		Unchanged: 
 Data sizes:     COMRAM   BANK0   BANK1   BANK2   BANK3   BANK4   BANK5   BANK6   BANK7
      Params:         2       0       0       0       0       0       0       0       0
      Locals:         0       0       0       0       0       0       0       0       0
      Temps:          0       0       0       0       0       0       0       0       0
      Totals:         2       0       0       0       0       0       0       0       0
Total ram usage:        2 bytes
 Hardware stack levels used:    1
 This function calls:
		Nothing
 This function is called by:
		_EUSART1_Initialize
 This function uses a non-reentrant model


 *************** function _EUSART1_SetFramingErrorHandler *****************
 Defined at:
		line 181 in file "mcc_generated_files/eusart1.c"
 Parameters:    Size  Location     Type
  interruptHan    2    0[COMRAM] PTR FTN()void 
		 -> EUSART1_DefaultFramingErrorHandler(1), 
 Auto vars:     Size  Location     Type
		None
 Return value:  Size  Location     Type
                  1    wreg      void 
 Registers used:
		wreg, status,2, status,0
 Tracked objects:
		On entry : 
		On exit  : 
		Unchanged: 
 Data sizes:     COMRAM   BANK0   BANK1   BANK2   BANK3   BANK4   BANK5   BANK6   BANK7
      Params:         2       0       0       0       0       0       0       0       0
      Locals:         0       0       0       0       0       0       0       0       0
      Temps:          0       0       0       0       0       0       0       0       0
      Totals:         2       0       0       0       0       0       0       0       0
Total ram usage:        2 bytes
 Hardware stack levels used:    1
 This function calls:
		Nothing
 This function is called by:
		_EUSART1_Initialize
 This function uses a non-reentrant model


 *************** function _EUSART1_SetErrorHandler *****************
 Defined at:
		line 189 in file "mcc_generated_files/eusart1.c"
 Parameters:    Size  Location     Type
  interruptHan    2    0[COMRAM] PTR FTN()void 
		 -> EUSART1_DefaultErrorHandler(1), 
 Auto vars:     Size  Location     Type
		None
 Return value:  Size  Location     Type
                  1    wreg      void 
 Registers used:
		wreg, status,2, status,0
 Tracked objects:
		On entry : 
		On exit  : 
		Unchanged: 
 Data sizes:     COMRAM   BANK0   BANK1   BANK2   BANK3   BANK4   BANK5   BANK6   BANK7
      Params:         2       0       0       0       0       0       0       0       0
      Locals:         0       0       0       0       0       0       0       0       0
      Temps:          0       0       0       0       0       0       0       0       0
      Totals:         2       0       0       0       0       0       0       0       0
Total ram usage:        2 bytes
 Hardware stack levels used:    1
 This function calls:
		Nothing
 This function is called by:
		_EUSART1_Initialize
 This function uses a non-reentrant model


 *************** function _LoRA_DataAnswer_Decode *****************
 Defined at:
		line 236 in file "main.c"
 Parameters:    Size  Location     Type
		None
 Auto vars:     Size  Location     Type
  i               1    3[COMRAM] unsigned char 
  dataType        1    2[COMRAM] unsigned char 
  flag            1    1[COMRAM] unsigned char 
 Return value:  Size  Location     Type
                  1    wreg      unsigned char 
 Registers used:
		wreg, fsr1l, fsr1h, fsr2l, fsr2h, status,2, status,0
 Tracked objects:
		On entry : 
		On exit  : 
		Unchanged: 
 Data sizes:     COMRAM   BANK0   BANK1   BANK2   BANK3   BANK4   BANK5   BANK6   BANK7
      Params:         0       0       0       0       0       0       0       0       0
      Locals:         3       0       0       0       0       0       0       0       0
      Temps:          1       0       0       0       0       0       0       0       0
      Totals:         4       0       0       0       0       0       0       0       0
Total ram usage:        4 bytes
 Hardware stack levels used:    1
 This function calls:
		Nothing
 This function is called by:
		_main
 This function uses a non-reentrant model



MODULE INFORMATION

Module		Function		Class		Link	Load	Size
mcc_generated_files/pin_manager.c
		_PIN_MANAGER_Initialize		CODE           	6FB2	0000	62

mcc_generated_files/pin_manager.c estimated size: 62

SSD1306oLED.c
		_Set_Column_Address		CODE           	6DE2	0000	22
		_oled_powerControl		CODE           	6D66	0000	12
		_oled_putString		CODE           	7146	0000	128
		_oled_clear    		CODE           	6E0E	0000	26
		_oled_regulorResistorSelect		CODE           	6D72	0000	12
		_oled_clearRow 		CODE           	6E84	0000	40
		_oled_initialDispayLine		CODE           	6D5A	0000	12
		_oled_writeCommand		CODE           	6DBA	0000	20
		_Set_Page_Address		CODE           	6D9A	0000	16
		_oled_writeData		CODE           	6DCE	0000	20
		_oled_setDisplay		CODE           	6EDA	0000	48
		_oled_setContrastControlRegister		CODE           	6DAA	0000	16
		_oled_init     		CODE           	6EAC	0000	46
		_oled_devInit  		CODE           	7052	0000	120
		_oled_putChar  		CODE           	70CA	0000	124
		_oled_setFont  		CODE           	6E28	0000	28

SSD1306oLED.c estimated size: 690

shared
		_OledFont0     		MEDIUMCONST    	7A6B	0000	768
		__initialization		CODE           	6FF0	0000	88

shared estimated size: 856

mcc_generated_files/eusart1.c
		_EUSART1_Initialize		CODE           	6F74	0000	62
		_EUSART1_SetFramingErrorHandler		CODE           	6D46	0000	10
		_get_Data      		CODE           	6F0A	0000	52
		_EUSART1_SetOverrunErrorHandler		CODE           	6D50	0000	10
		_EUSART1_SetErrorHandler		CODE           	6D3C	0000	10
		_EUSART1_Write 		CODE           	6DF8	0000	22

mcc_generated_files/eusart1.c estimated size: 166

mcc_generated_files/mcc.c
		_OSCILLATOR_Initialize		CODE           	6E44	0000	32
		_SYSTEM_Initialize		CODE           	6D7E	0000	14

mcc_generated_files/mcc.c estimated size: 46

main.c
		_read_LoRA_cmd 		CODE           	729E	0000	246
		_init_port     		CODE           	6D8C	0000	14
		_main          		CODE           	7394	0000	264
		_init_mod_LoRa 		CODE           	7668	0000	1026
		_sendCommand   		CODE           	6F3E	0000	54
		_LoRA_DataAnswer_Decode		CODE           	749C	0000	460
		_Opening       		CODE           	71C6	0000	216

main.c estimated size: 2280

