Microchip MPLAB XC8 Compiler V2.32

Linker command line:

-W-3 --edf=C:\Program Files\Microchip\xc8\v2.32\pic\dat\en_msgs.txt -cn \
  -h+dist/default/production\Rx_Rn2903.X.production.sym \
  --cmf=dist/default/production\Rx_Rn2903.X.production.cmf -z -Q18LF45K50 \
  -oC:\Users\ASUS\AppData\Local\Temp\xcAsi9g.4 --defsym=__MPLAB_BUILD=1 \
  -Mdist/default/production/Rx_Rn2903.X.production.map -E1 \
  -ver=XC8 Compiler --acfsm=1493 -ASTACK=084h-07FFh -pstack=STACK \
  -ACODE=00h-07FFFh -ACONST=00h-07FFFh -ASMALLCONST=0800h-08FFhx120 \
  -AMEDIUMCONST=0800h-07FFFh -ACOMRAM=01h-05Fh -AABS1=00h-07FFh \
  -ABIGRAM=01h-07FFh -ARAM=060h-0FFh,0100h-01FFhx7 -ABANK0=060h-0FFh \
  -ABANK1=0100h-01FFh -ABANK2=0200h-02FFh -ABANK3=0300h-03FFh \
  -ABANK4=0400h-04FFh -ABANK5=0500h-05FFh -ABANK6=0600h-06FFh \
  -ABANK7=0700h-07FFh -ASFR=0F53h-0F5Fh,0F60h-0FFFh \
  -ACONFIG=0300000h-030000Dh -AIDLOC=0200000h-0200007h \
  -AEEDATA=0F00000h-0F000FFh -peeprom_data=EEDATA \
  -preset_vec=00h,intcode,intcodelo,powerup,init -pramtop=0800h \
  -psmallconst=SMALLCONST -pmediumconst=MEDIUMCONST -pconst=CONST \
  -AFARRAM=00h-00h \
  -prdata=COMRAM,nvrram=COMRAM,nvbit=COMRAM,rbss=COMRAM,rbit=COMRAM \
  -pfarbss=FARRAM,fardata=FARRAM,nvFARRAM=FARRAM \
  -pintsave_regs=BIGRAM,bigbss=BIGRAM,bigdata=BIGRAM -pbss=RAM \
  -pidata=CODE,irdata=CODE,ibigdata=CODE,ifardata=CODE -prparam=COMRAM \
  C:\Users\ASUS\AppData\Local\Temp\xcAsi9g.o \
  dist/default/production\Rx_Rn2903.X.production.o 

Object code version is 3.11

Machine type is 18LF45K50



                Name                               Link     Load   Length Selector   Space Scale
C:\Users\ASUS\AppData\Local\Temp\xcAsi9g.o
                idloc                            200000   200000        8        0       5
                config                           300000   300000        E        0       4
                init                                  0        0        4        0       0
dist/default/production\Rx_Rn2903.X.production.o
                idloc                            200000   200000        8        0       5
                config                           300000   300000        E        0       4
                mediumconst                        7AC6     7AC6      53A     3D63       0
                text40                             6752     6752       28     33A9       0
                text39                             6694     6694       14     334A       0
                text38                             6616     6616        A     330B       0
                text37                             6620     6620        A     3310       0
                text36                             662A     662A        A     3315       0
                text35                             686A     686A       3E     3435       0
                text34                             6732     6732       20     3399       0
                text33                             68A8     68A8       3E     3454       0
                text32                             6658     6658        E     332C       0
                text31                             6800     6800       34     3400       0
                text30                             66A8     66A8       14     3354       0
                text29                             66D0     66D0       16     3368       0
                text28                             6674     6674       10     333A       0
                text27                             66BC     66BC       14     335E       0
                text26                             6A4A     6A4A       7C     3525       0
                text25                             677A     677A       28     33BD       0
                text24                             66FC     66FC       1A     337E       0
                text23                             6AC6     6AC6       80     3563       0
                text22                             66E6     66E6       16     3373       0
                text21                             6834     6834       36     341A       0
                text20                             6610     6610        2     3308       0
                text19                             6D4A     6D4A       CA     36A5       0
                text18                             6E14     6E14       D4     370A       0
                text17                             6EE8     6EE8      15E     3774       0
                text16                             6974     6974       5E     34BA       0
                text15                             6926     6926       4E     3493       0
                text14                             7512     7512      5B4     3A89       0
                text13                             6666     6666        E     3333       0
                text12                             7046     7046      176     3823       0
                text11                             6634     6634        C     331A       0
                text10                             6640     6640        C     3320       0
                text9                              664C     664C        C     3326       0
                text8                              6684     6684       10     3342       0
                text7                              69D2     69D2       78     34E9       0
                text6                              67D0     67D0       30     33E8       0
                text5                              6716     6716       1C     338B       0
                text4                              67A2     67A2       2E     33D1       0
                text3                              6C86     6C86       C4     3643       0
                text2                              6BD6     6BD6       B0     35EB       0
                text1                              6B46     6B46       90     35A3       0
                text0                              71BC     71BC      356     38DE       0
                cstackCOMRAM                          1        1       4F        1       1
                bssBANK0                             60       60       24       60       1
                dataCOMRAM                           5D       5D        3        1       1
                bssCOMRAM                            50       50        D        1       1
                cinit                              68E6     68E6       40     3473       0
                idataCOMRAM                        6613     6613        3     6613       0

TOTAL           Name                               Link     Load   Length     Space
        CLASS   STACK          

        CLASS   CODE           
                init                                  0        0        4         0
                text40                             6752     6752       28         0
                text39                             6694     6694       14         0
                text38                             6616     6616        A         0
                text37                             6620     6620        A         0
                text36                             662A     662A        A         0
                text35                             686A     686A       3E         0
                text34                             6732     6732       20         0
                text33                             68A8     68A8       3E         0
                text32                             6658     6658        E         0
                text31                             6800     6800       34         0
                text30                             66A8     66A8       14         0
                text29                             66D0     66D0       16         0
                text28                             6674     6674       10         0
                text27                             66BC     66BC       14         0
                text26                             6A4A     6A4A       7C         0
                text25                             677A     677A       28         0
                text24                             66FC     66FC       1A         0
                text23                             6AC6     6AC6       80         0
                text22                             66E6     66E6       16         0
                text21                             6834     6834       36         0
                text20                             6610     6610        2         0
                text19                             6D4A     6D4A       CA         0
                text18                             6E14     6E14       D4         0
                text17                             6EE8     6EE8      15E         0
                text16                             6974     6974       5E         0
                text15                             6926     6926       4E         0
                text14                             7512     7512      5B4         0
                text13                             6666     6666        E         0
                text12                             7046     7046      176         0
                text11                             6634     6634        C         0
                text10                             6640     6640        C         0
                text9                              664C     664C        C         0
                text8                              6684     6684       10         0
                text7                              69D2     69D2       78         0
                text6                              67D0     67D0       30         0
                text5                              6716     6716       1C         0
                text4                              67A2     67A2       2E         0
                text3                              6C86     6C86       C4         0
                text2                              6BD6     6BD6       B0         0
                text1                              6B46     6B46       90         0
                text0                              71BC     71BC      356         0
                cinit                              68E6     68E6       40         0
                idataCOMRAM                        6613     6613        3         0

        CLASS   CONST          

        CLASS   SMALLCONST     

        CLASS   MEDIUMCONST    
                mediumconst                        7AC6     7AC6      53A         0

        CLASS   COMRAM         
                cstackCOMRAM                          1        1       4F         1
                dataCOMRAM                           5D       5D        3         1
                bssCOMRAM                            50       50        D         1

        CLASS   ABS1           

        CLASS   BIGRAM         

        CLASS   RAM            

        CLASS   BANK0          
                bssBANK0                             60       60       24         1

        CLASS   BANK1          

        CLASS   BANK2          

        CLASS   BANK3          

        CLASS   BANK4          

        CLASS   BANK5          

        CLASS   BANK6          

        CLASS   BANK7          

        CLASS   SFR            

        CLASS   CONFIG         
                config                           300000   300000        E         4

        CLASS   IDLOC          
                idloc                            200000   200000        8         5

        CLASS   EEDATA         

        CLASS   FARRAM         



SEGMENTS        Name                           Load    Length   Top    Selector   Space  Class

                reset_vec                      000000  000004  000004         0       0  CODE    
                cstackCOMRAM                   000001  00005F  000060         1       1  COMRAM  
                bssBANK0                       000060  000024  000084        60       1  BANK0   
                text20                         006610  000002  006612      3308       0  CODE    
                idataCOMRAM                    006613  000003  006616      6613       0  CODE    
                text38                         006616  00000A  006620      330B       0  CODE    
                text37                         006620  00000A  00662A      3310       0  CODE    
                text36                         00662A  00000A  006634      3315       0  CODE    
                text11                         006634  00000C  006640      331A       0  CODE    
                text10                         006640  00000C  00664C      3320       0  CODE    
                text9                          00664C  00000C  006658      3326       0  CODE    
                text32                         006658  00000E  006666      332C       0  CODE    
                text13                         006666  00000E  006674      3333       0  CODE    
                text28                         006674  000010  006684      333A       0  CODE    
                text8                          006684  000010  006694      3342       0  CODE    
                text39                         006694  000014  0066A8      334A       0  CODE    
                text30                         0066A8  000014  0066BC      3354       0  CODE    
                text27                         0066BC  000014  0066D0      335E       0  CODE    
                text29                         0066D0  000016  0066E6      3368       0  CODE    
                text22                         0066E6  000016  0066FC      3373       0  CODE    
                text24                         0066FC  00001A  006716      337E       0  CODE    
                text5                          006716  00001C  006732      338B       0  CODE    
                text34                         006732  000020  006752      3399       0  CODE    
                text40                         006752  000028  00677A      33A9       0  CODE    
                text25                         00677A  000028  0067A2      33BD       0  CODE    
                text4                          0067A2  00002E  0067D0      33D1       0  CODE    
                text6                          0067D0  000030  006800      33E8       0  CODE    
                text31                         006800  000034  006834      3400       0  CODE    
                text21                         006834  000036  00686A      341A       0  CODE    
                text35                         00686A  00003E  0068A8      3435       0  CODE    
                text33                         0068A8  00003E  0068E6      3454       0  CODE    
                cinit                          0068E6  000040  006926      3473       0  CODE    
                text15                         006926  00004E  006974      3493       0  CODE    
                text16                         006974  00005E  0069D2      34BA       0  CODE    
                text7                          0069D2  000078  006A4A      34E9       0  CODE    
                text26                         006A4A  00007C  006AC6      3525       0  CODE    
                text23                         006AC6  000080  006B46      3563       0  CODE    
                text1                          006B46  000090  006BD6      35A3       0  CODE    
                text2                          006BD6  0000B0  006C86      35EB       0  CODE    
                text3                          006C86  0000C4  006D4A      3643       0  CODE    
                text19                         006D4A  0000CA  006E14      36A5       0  CODE    
                text18                         006E14  0000D4  006EE8      370A       0  CODE    
                text17                         006EE8  00015E  007046      3774       0  CODE    
                text12                         007046  000176  0071BC      3823       0  CODE    
                text0                          0071BC  000356  007512      38DE       0  CODE    
                text14                         007512  0005B4  007AC6      3A89       0  CODE    
                mediumconst                    007AC6  00053A  008000      3D63       0  MEDIUMCO


UNUSED ADDRESS RANGES

        Name                Unused          Largest block    Delta
        BANK0            000084-0000FF               7C
        BANK1            000100-0001FF              100
        BANK2            000200-0002FF              100
        BANK3            000300-0003FF              100
        BANK4            000400-0004FF              100
        BANK5            000500-0005FF              100
        BANK6            000600-0006FF              100
        BANK7            000700-0007FF              100
        BIGRAM           000084-0007FF              77C
        CODE             000004-00660F             660C
                         006612-006612                1
        CONST            000004-00660F             660C
                         006612-006612                1
        EEDATA           F00000-F000FF              100
        MEDIUMCONST      000800-00660F             5E10
                         006612-006612                1
        RAM              000084-0007FF              100
        SFR              000F53-000FFF                D
        SMALLCONST       000800-00660F              100
                         006612-006612                1
        STACK            000084-0007FF              77C

                                  Symbol Table

?___awdiv                                       cstackCOMRAM 000001
?___awmod                                       cstackCOMRAM 000001
?_ctoa                                          cstackCOMRAM 00000A
?_get_Data                                      cstackCOMRAM 000001
?_sprintf                                       cstackCOMRAM 000023
?_vfpfcnvrt                                     cstackCOMRAM 000012
?_vfprintf                                      cstackCOMRAM 00001B
EUSART1_SetErrorHandler@interruptHandler        cstackCOMRAM 000001
EUSART1_SetFramingErrorHandler@interruptHandler cstackCOMRAM 000001
EUSART1_SetOverrunErrorHandler@interruptHandler cstackCOMRAM 000001
EUSART1_Write@txData                            cstackCOMRAM 000001
Set_Column_Address@address                      cstackCOMRAM 000002
Set_Page_Address@address                        cstackCOMRAM 000002
_ACTCON                                         (abs)        000FB5
_ANSELA                                         (abs)        000F5B
_ANSELB                                         (abs)        000F5C
_ANSELC                                         (abs)        000F5D
_ANSELD                                         (abs)        000F5E
_ANSELE                                         (abs)        000F5F
_BAUDCON1                                       (abs)        000FB8
_Contrast_level                                 dataCOMRAM   00005F
_EUSART1_DefaultErrorHandler                    (abs)        000000
_EUSART1_DefaultFramingErrorHandler             (abs)        000000
_EUSART1_DefaultOverrunErrorHandler             (abs)        000000
_EUSART1_ErrorHandler                           bssCOMRAM    000056
_EUSART1_FramingErrorHandler                    bssCOMRAM    00005A
_EUSART1_Initialize                             text35       00686A
_EUSART1_OverrunErrorHandler                    bssCOMRAM    000058
_EUSART1_Read                                   text40       006752
_EUSART1_SetErrorHandler                        text38       006616
_EUSART1_SetFramingErrorHandler                 text37       006620
_EUSART1_SetOverrunErrorHandler                 text36       00662A
_EUSART1_Write                                  text22       0066E6
_EUSART1_is_rx_ready                            text39       006694
_INTCON2bits                                    (abs)        000FF1
_INTCONbits                                     (abs)        000FF2
_LATA                                           (abs)        000F89
_LATAbits                                       (abs)        000F89
_LATB                                           (abs)        000F8A
_LATBbits                                       (abs)        000F8A
_LATC                                           (abs)        000F8B
_LATCbits                                       (abs)        000F8B
_LATD                                           (abs)        000F8C
_LATE                                           (abs)        000F8D
_LATEbits                                       (abs)        000F8D
_OSCCON                                         (abs)        000FD3
_OSCCON2                                        (abs)        000FD2
_OSCILLATOR_Initialize                          text34       006732
_OSCTUNE                                        (abs)        000F9B
_OledFont0                                      mediumconst  007AC7
_PIN_MANAGER_Initialize                         text33       0068A8
_PIR1bits                                       (abs)        000F9E
_PLLRDY                                         (abs)        007E97
_RCREG1                                         (abs)        000FAE
_RCSTA1                                         (abs)        000FAB
_RCSTA1bits                                     (abs)        000FAB
_SPBRG1                                         (abs)        000FAF
_SPBRGH1                                        (abs)        000FB0
_SYSTEM_Initialize                              text32       006658
_Set_Column_Address                             text29       0066D0
_Set_Page_Address                               text28       006674
_TRISA                                          (abs)        000F92
_TRISAbits                                      (abs)        000F92
_TRISB                                          (abs)        000F93
_TRISBbits                                      (abs)        000F93
_TRISC                                          (abs)        000F94
_TRISCbits                                      (abs)        000F94
_TRISD                                          (abs)        000F95
_TRISE                                          (abs)        000F96
_TRISEbits                                      (abs)        000F96
_TXREG1                                         (abs)        000FAD
_TXSTA1                                         (abs)        000FAC
_TXSTA1bits                                     (abs)        000FAC
_WPUB                                           (abs)        000F85
__HRAM                                          (abs)        000000
__Habs1                                         abs1         000000
__Hbank0                                        bank0        000000
__Hbank1                                        bank1        000000
__Hbank2                                        bank2        000000
__Hbank3                                        bank3        000000
__Hbank4                                        bank4        000000
__Hbank5                                        bank5        000000
__Hbank6                                        bank6        000000
__Hbank7                                        bank7        000000
__Hbigbss                                       bigbss       000000
__Hbigdata                                      bigdata      000000
__Hbigram                                       bigram       000000
__Hbss                                          bss          000000
__HbssBANK0                                     bssBANK0     000000
__HbssCOMRAM                                    bssCOMRAM    000000
__Hcinit                                        cinit        000000
__Hclrtext                                      clrtext      000000
__Hcomram                                       comram       000000
__Hconfig                                       config       30000E
__Hconst                                        const        000000
__HcstackCOMRAM                                 cstackCOMRAM 000000
__Hdata                                         data         000000
__HdataCOMRAM                                   dataCOMRAM   000000
__Heeprom_data                                  eeprom_data  000000
__Hfarbss                                       farbss       000000
__Hfardata                                      fardata      000000
__Hibigdata                                     ibigdata     000000
__Hidata                                        idata        000000
__HidataCOMRAM                                  idataCOMRAM  000000
__Hidloc                                        idloc        200008
__Hifardata                                     ifardata     000000
__Hinit                                         init         000004
__Hintcode                                      intcode      000000
__Hintcode_body                                 intcode_body 000000
__Hintcodelo                                    intcodelo    000000
__Hintentry                                     intentry     000000
__Hintret                                       intret       000000
__Hintsave_regs                                 intsave_regs 000000
__Hirdata                                       irdata       000000
__Hmediumconst                                  mediumconst  008000
__HnvFARRAM                                     nvFARRAM     000000
__Hnvbit                                        nvbit        000000
__Hnvrram                                       nvrram       000000
__Hparam                                        rparam       000000
__Hpowerup                                      powerup      000000
__Hram                                          ram          000000
__Hramtop                                       ramtop       000800
__Hrbit                                         rbit         000000
__Hrbss                                         rbss         000000
__Hrdata                                        rdata        000000
__Hreset_vec                                    reset_vec    000000
__Hrparam                                       rparam       000000
__Hsfr                                          sfr          000000
__Hsmallconst                                   smallconst   000000
__Hspace_0                                      (abs)        008000
__Hspace_1                                      (abs)        000084
__Hspace_2                                      (abs)        000000
__Hspace_4                                      (abs)        60000E
__Hstack                                        stack        000000
__Hstruct                                       struct       000000
__Htemp                                         temp         000000
__Htext                                         text         000000
__Htext0                                        text0        000000
__Htext1                                        text1        000000
__Htext10                                       text10       000000
__Htext11                                       text11       000000
__Htext12                                       text12       000000
__Htext13                                       text13       000000
__Htext14                                       text14       000000
__Htext15                                       text15       000000
__Htext16                                       text16       000000
__Htext17                                       text17       000000
__Htext18                                       text18       000000
__Htext19                                       text19       000000
__Htext2                                        text2        000000
__Htext20                                       text20       000000
__Htext21                                       text21       000000
__Htext22                                       text22       000000
__Htext23                                       text23       000000
__Htext24                                       text24       000000
__Htext25                                       text25       000000
__Htext26                                       text26       000000
__Htext27                                       text27       000000
__Htext28                                       text28       000000
__Htext29                                       text29       000000
__Htext3                                        text3        000000
__Htext30                                       text30       000000
__Htext31                                       text31       000000
__Htext32                                       text32       000000
__Htext33                                       text33       000000
__Htext34                                       text34       000000
__Htext35                                       text35       000000
__Htext36                                       text36       000000
__Htext37                                       text37       000000
__Htext38                                       text38       000000
__Htext39                                       text39       000000
__Htext4                                        text4        000000
__Htext40                                       text40       000000
__Htext5                                        text5        000000
__Htext6                                        text6        000000
__Htext7                                        text7        000000
__Htext8                                        text8        000000
__Htext9                                        text9        000000
__LRAM                                          (abs)        000001
__Labs1                                         abs1         000000
__Lbank0                                        bank0        000000
__Lbank1                                        bank1        000000
__Lbank2                                        bank2        000000
__Lbank3                                        bank3        000000
__Lbank4                                        bank4        000000
__Lbank5                                        bank5        000000
__Lbank6                                        bank6        000000
__Lbank7                                        bank7        000000
__Lbigbss                                       bigbss       000000
__Lbigdata                                      bigdata      000000
__Lbigram                                       bigram       000000
__Lbss                                          bss          000000
__LbssBANK0                                     bssBANK0     000000
__LbssCOMRAM                                    bssCOMRAM    000000
__Lcinit                                        cinit        000000
__Lclrtext                                      clrtext      000000
__Lcomram                                       comram       000000
__Lconfig                                       config       000000
__Lconst                                        const        000000
__LcstackCOMRAM                                 cstackCOMRAM 000000
__Ldata                                         data         000000
__LdataCOMRAM                                   dataCOMRAM   000000
__Leeprom_data                                  eeprom_data  000000
__Lfarbss                                       farbss       000000
__Lfardata                                      fardata      000000
__Libigdata                                     ibigdata     000000
__Lidata                                        idata        000000
__LidataCOMRAM                                  idataCOMRAM  000000
__Lidloc                                        idloc        000000
__Lifardata                                     ifardata     000000
__Linit                                         init         000000
__Lintcode                                      intcode      000000
__Lintcode_body                                 intcode_body 000000
__Lintcodelo                                    intcodelo    000000
__Lintentry                                     intentry     000000
__Lintret                                       intret       000000
__Lintsave_regs                                 intsave_regs 000000
__Lirdata                                       irdata       000000
__Lmediumconst                                  mediumconst  007AC6
__LnvFARRAM                                     nvFARRAM     000000
__Lnvbit                                        nvbit        000000
__Lnvrram                                       nvrram       000000
__Lparam                                        rparam       000000
__Lpowerup                                      powerup      000000
__Lram                                          ram          000000
__Lramtop                                       ramtop       000800
__Lrbit                                         rbit         000000
__Lrbss                                         rbss         000000
__Lrdata                                        rdata        000000
__Lreset_vec                                    reset_vec    000000
__Lrparam                                       rparam       000000
__Lsfr                                          sfr          000000
__Lsmallconst                                   smallconst   000000
__Lspace_0                                      (abs)        000000
__Lspace_1                                      (abs)        000000
__Lspace_2                                      (abs)        000000
__Lspace_4                                      (abs)        000000
__Lstack                                        stack        000000
__Lstruct                                       struct       000000
__Ltemp                                         temp         000000
__Ltext                                         text         000000
__Ltext0                                        text0        000000
__Ltext1                                        text1        000000
__Ltext10                                       text10       000000
__Ltext11                                       text11       000000
__Ltext12                                       text12       000000
__Ltext13                                       text13       000000
__Ltext14                                       text14       000000
__Ltext15                                       text15       000000
__Ltext16                                       text16       000000
__Ltext17                                       text17       000000
__Ltext18                                       text18       000000
__Ltext19                                       text19       000000
__Ltext2                                        text2        000000
__Ltext20                                       text20       000000
__Ltext21                                       text21       000000
__Ltext22                                       text22       000000
__Ltext23                                       text23       000000
__Ltext24                                       text24       000000
__Ltext25                                       text25       000000
__Ltext26                                       text26       000000
__Ltext27                                       text27       000000
__Ltext28                                       text28       000000
__Ltext29                                       text29       000000
__Ltext3                                        text3        000000
__Ltext30                                       text30       000000
__Ltext31                                       text31       000000
__Ltext32                                       text32       000000
__Ltext33                                       text33       000000
__Ltext34                                       text34       000000
__Ltext35                                       text35       000000
__Ltext36                                       text36       000000
__Ltext37                                       text37       000000
__Ltext38                                       text38       000000
__Ltext39                                       text39       000000
__Ltext4                                        text4        000000
__Ltext40                                       text40       000000
__Ltext5                                        text5        000000
__Ltext6                                        text6        000000
__Ltext7                                        text7        000000
__Ltext8                                        text8        000000
__Ltext9                                        text9        000000
__S0                                            (abs)        008000
__S1                                            (abs)        000084
__S2                                            (abs)        000000
__S4                                            (abs)        000000
__S5                                            (abs)        000000
___awdiv                                        text3        006C86
___awdiv@counter                                cstackCOMRAM 000005
___awdiv@dividend                               cstackCOMRAM 000001
___awdiv@divisor                                cstackCOMRAM 000003
___awdiv@quotient                               cstackCOMRAM 000007
___awdiv@sign                                   cstackCOMRAM 000006
___awmod                                        text2        006BD6
___awmod@counter                                cstackCOMRAM 000005
___awmod@dividend                               cstackCOMRAM 000001
___awmod@divisor                                cstackCOMRAM 000003
___awmod@sign                                   cstackCOMRAM 000006
___inthi_sp                                     stack        000000
___intlo_sp                                     stack        000000
___param_bank                                   (abs)        000000
___rparam_used                                  (abs)        000001
___sp                                           stack        000000
__accesstop                                     (abs)        000060
__activetblptr                                  (abs)        000002
__end_of_EUSART1_Initialize                     text35       0068A8
__end_of_EUSART1_Read                           text40       00677A
__end_of_EUSART1_SetErrorHandler                text38       006620
__end_of_EUSART1_SetFramingErrorHandler         text37       00662A
__end_of_EUSART1_SetOverrunErrorHandler         text36       006634
__end_of_EUSART1_Write                          text22       0066FC
__end_of_EUSART1_is_rx_ready                    text39       0066A8
__end_of_OSCILLATOR_Initialize                  text34       006752
__end_of_OledFont0                              mediumconst  007DC7
__end_of_PIN_MANAGER_Initialize                 text33       0068E6
__end_of_SYSTEM_Initialize                      text32       006666
__end_of_Set_Column_Address                     text29       0066E6
__end_of_Set_Page_Address                       text28       006684
__end_of___awdiv                                text3        006D4A
__end_of___awmod                                text2        006C86
__end_of__initialization                        cinit        00691C
__end_of_ctoa                                   text18       006EE8
__end_of_fputc                                  text19       006E14
__end_of_get_Data                               text31       006834
__end_of_init_mod_LoRa                          text14       007AC6
__end_of_init_port                              text13       006674
__end_of_main                                   text0        007512
__end_of_memset                                 text12       0071BC
__end_of_oled_clear                             text24       006716
__end_of_oled_clearRow                          text25       0067A2
__end_of_oled_devInit                           text7        006A4A
__end_of_oled_init                              text4        0067D0
__end_of_oled_initialDispayLine                 text11       006640
__end_of_oled_powerControl                      text10       00664C
__end_of_oled_putChar                           text26       006AC6
__end_of_oled_putString                         text23       006B46
__end_of_oled_putUint8                          text1        006BD6
__end_of_oled_regulorResistorSelect             text9        006658
__end_of_oled_setContrastControlRegister        text8        006694
__end_of_oled_setDisplay                        text6        006800
__end_of_oled_setFont                           text5        006732
__end_of_oled_writeCommand                      text30       0066BC
__end_of_oled_writeData                         text27       0066D0
__end_of_putch                                  text20       006612
__end_of_sendCommand                            text21       00686A
__end_of_sprintf                                text15       006974
__end_of_vfpfcnvrt                              text17       007046
__end_of_vfprintf                               text16       0069D2
__initialization                                cinit        0068E6
__mediumconst                                   mediumconst  007AC6
__pbssBANK0                                     bssBANK0     000060
__pbssCOMRAM                                    bssCOMRAM    000050
__pcinit                                        cinit        0068E6
__pcstackCOMRAM                                 cstackCOMRAM 000001
__pdataCOMRAM                                   dataCOMRAM   00005D
__pidataCOMRAM                                  idataCOMRAM  006613
__pmediumconst                                  mediumconst  007AC6
__ptext0                                        text0        0071BC
__ptext1                                        text1        006B46
__ptext10                                       text10       006640
__ptext11                                       text11       006634
__ptext12                                       text12       007046
__ptext13                                       text13       006666
__ptext14                                       text14       007512
__ptext15                                       text15       006926
__ptext16                                       text16       006974
__ptext17                                       text17       006EE8
__ptext18                                       text18       006E14
__ptext19                                       text19       006D4A
__ptext2                                        text2        006BD6
__ptext20                                       text20       006610
__ptext21                                       text21       006834
__ptext22                                       text22       0066E6
__ptext23                                       text23       006AC6
__ptext24                                       text24       0066FC
__ptext25                                       text25       00677A
__ptext26                                       text26       006A4A
__ptext27                                       text27       0066BC
__ptext28                                       text28       006674
__ptext29                                       text29       0066D0
__ptext3                                        text3        006C86
__ptext30                                       text30       0066A8
__ptext31                                       text31       006800
__ptext32                                       text32       006658
__ptext33                                       text33       0068A8
__ptext34                                       text34       006732
__ptext35                                       text35       00686A
__ptext36                                       text36       00662A
__ptext37                                       text37       006620
__ptext38                                       text38       006616
__ptext39                                       text39       006694
__ptext4                                        text4        0067A2
__ptext40                                       text40       006752
__ptext5                                        text5        006716
__ptext6                                        text6        0067D0
__ptext7                                        text7        0069D2
__ptext8                                        text8        006684
__ptext9                                        text9        00664C
__ramtop                                        ramtop       000800
__size_of_EUSART1_Initialize                    (abs)        000000
__size_of_EUSART1_Read                          (abs)        000000
__size_of_EUSART1_SetErrorHandler               (abs)        000000
__size_of_EUSART1_SetFramingErrorHandler        (abs)        000000
__size_of_EUSART1_SetOverrunErrorHandler        (abs)        000000
__size_of_EUSART1_Write                         (abs)        000000
__size_of_EUSART1_is_rx_ready                   (abs)        000000
__size_of_OSCILLATOR_Initialize                 (abs)        000000
__size_of_PIN_MANAGER_Initialize                (abs)        000000
__size_of_SYSTEM_Initialize                     (abs)        000000
__size_of_Set_Column_Address                    (abs)        000000
__size_of_Set_Page_Address                      (abs)        000000
__size_of___awdiv                               (abs)        000000
__size_of___awmod                               (abs)        000000
__size_of_ctoa                                  (abs)        000000
__size_of_fputc                                 (abs)        000000
__size_of_get_Data                              (abs)        000000
__size_of_init_mod_LoRa                         (abs)        000000
__size_of_init_port                             (abs)        000000
__size_of_main                                  (abs)        000000
__size_of_memset                                (abs)        000000
__size_of_oled_clear                            (abs)        000000
__size_of_oled_clearRow                         (abs)        000000
__size_of_oled_devInit                          (abs)        000000
__size_of_oled_init                             (abs)        000000
__size_of_oled_initialDispayLine                (abs)        000000
__size_of_oled_powerControl                     (abs)        000000
__size_of_oled_putChar                          (abs)        000000
__size_of_oled_putString                        (abs)        000000
__size_of_oled_putUint8                         (abs)        000000
__size_of_oled_regulorResistorSelect            (abs)        000000
__size_of_oled_setContrastControlRegister       (abs)        000000
__size_of_oled_setDisplay                       (abs)        000000
__size_of_oled_setFont                          (abs)        000000
__size_of_oled_writeCommand                     (abs)        000000
__size_of_oled_writeData                        (abs)        000000
__size_of_putch                                 (abs)        000000
__size_of_sendCommand                           (abs)        000000
__size_of_sprintf                               (abs)        000000
__size_of_vfpfcnvrt                             (abs)        000000
__size_of_vfprintf                              (abs)        000000
__smallconst                                    smallconst   000000
_ctoa                                           text18       006E14
_eusart1RxLastError                             bssCOMRAM    00005C
_flags                                          bssCOMRAM    000054
_fputc                                          text19       006D4A
_get_Data                                       text31       006800
_init_mod_LoRa                                  text14       007512
_init_port                                      text13       006666
_log                                            bssBANK0     000082
_main                                           text0        0071BC
_memset                                         text12       007046
_nout                                           bssCOMRAM    000050
_oled_clear                                     text24       0066FC
_oled_clearRow                                  text25       00677A
_oled_devInit                                   text7        0069D2
_oled_init                                      text4        0067A2
_oled_initialDispayLine                         text11       006634
_oled_powerControl                              text10       006640
_oled_putChar                                   text26       006A4A
_oled_putString                                 text23       006AC6
_oled_putUint8                                  text1        006B46
_oled_regulorResistorSelect                     text9        00664C
_oled_setContrastControlRegister                text8        006684
_oled_setDisplay                                text6        0067D0
_oled_setFont                                   text5        006716
_oled_writeCommand                              text30       0066A8
_oled_writeData                                 text27       0066BC
_prec                                           bssBANK0     000080
_putch                                          text20       006610
_selectedFont                                   dataCOMRAM   00005D
_sendCommand                                    text21       006834
_sprintf                                        text15       006926
_vfpfcnvrt                                      text17       006EE8
_vfprintf                                       text16       006974
_width                                          bssCOMRAM    000052
ctoa@c                                          cstackCOMRAM 00000C
ctoa@fp                                         cstackCOMRAM 00000A
ctoa@l                                          cstackCOMRAM 00000E
ctoa@w                                          cstackCOMRAM 000010
end_of_initialization                           cinit        00691C
fputc@c                                         cstackCOMRAM 000001
fputc@fp                                        cstackCOMRAM 000003
init_mod_LoRa@READ                              cstackCOMRAM 000033
intlevel0                                       text         000000
intlevel1                                       text         000000
intlevel2                                       text         000000
intlevel3                                       text         000000
isa$std                                         (abs)        000001
isa$xinst                                       (abs)        000000
main@cont                                       cstackCOMRAM 00004E
main@i                                          cstackCOMRAM 00004F
main@read                                       cstackCOMRAM 00003F
memset@c                                        cstackCOMRAM 000003
memset@dest                                     cstackCOMRAM 000001
memset@k                                        cstackCOMRAM 000009
memset@n                                        cstackCOMRAM 000005
memset@s                                        cstackCOMRAM 00000B
oled_clearRow@index                             cstackCOMRAM 00000E
oled_clearRow@page                              cstackCOMRAM 00000D
oled_initialDispayLine@line                     cstackCOMRAM 000002
oled_powerControl@vol                           cstackCOMRAM 000002
oled_putChar@index                              cstackCOMRAM 00000C
oled_putChar@k                                  cstackCOMRAM 00000B
oled_putChar@start_page                         cstackCOMRAM 000004
oled_putChar@station_dot                        cstackCOMRAM 000003
oled_putString@index                            cstackCOMRAM 000011
oled_putString@start_page                       cstackCOMRAM 000010
oled_putString@station_dot                      cstackCOMRAM 00000F
oled_putString@string                           cstackCOMRAM 00000D
oled_putUint8@numData                           cstackCOMRAM 000015
oled_putUint8@number                            cstackCOMRAM 000014
oled_putUint8@start_page                        cstackCOMRAM 000013
oled_putUint8@station_dot                       cstackCOMRAM 000012
oled_regulorResistorSelect@r                    cstackCOMRAM 000002
oled_setContrastControlRegister@mod             cstackCOMRAM 000002
oled_setDisplay@displayType                     cstackCOMRAM 000002
oled_setFont@font                               cstackCOMRAM 000001
oled_writeCommand@command                       cstackCOMRAM 000001
oled_writeData@data                             cstackCOMRAM 000001
sendCommand@texto                               cstackCOMRAM 000002
sprintf@ap                                      cstackCOMRAM 000029
sprintf@f                                       cstackCOMRAM 00002B
sprintf@fmt                                     cstackCOMRAM 000025
sprintf@s                                       cstackCOMRAM 000023
stackhi                                         (abs)        0007FF
stacklo                                         (abs)        000084
start                                           init         000000
start_initialization                            cinit        0068E6
vfpfcnvrt@ap                                    cstackCOMRAM 000016
vfpfcnvrt@c                                     cstackCOMRAM 00001A
vfpfcnvrt@fmt                                   cstackCOMRAM 000014
vfpfcnvrt@fp                                    cstackCOMRAM 000012
vfprintf@ap                                     cstackCOMRAM 00001F
vfprintf@cfmt                                   cstackCOMRAM 000021
vfprintf@fmt                                    cstackCOMRAM 00001D
vfprintf@fp                                     cstackCOMRAM 00001B


MODULE INFORMATION

Module		Function		Class		Link	Load	Size
C:\Program Files\Microchip\xc8\v2.32\pic\sources\c99\common\memset.c
		_memset        		CODE           	7046	0000	374

C:\Program Files\Microchip\xc8\v2.32\pic\sources\c99\common\memset.c estimated size: 374

C:\Program Files\Microchip\xc8\v2.32\pic\sources\c99\common\awdiv.c
		___awdiv       		CODE           	6C86	0000	196

C:\Program Files\Microchip\xc8\v2.32\pic\sources\c99\common\awdiv.c estimated size: 196

C:\Program Files\Microchip\xc8\v2.32\pic\sources\c99\common\nf_sprintf.c
		_sprintf       		CODE           	6926	0000	78

C:\Program Files\Microchip\xc8\v2.32\pic\sources\c99\common\nf_sprintf.c estimated size: 78

C:\Program Files\Microchip\xc8\v2.32\pic\sources\c99\common\doprnt.c
		_vfpfcnvrt     		CODE           	6EE8	0000	350
		_ctoa          		CODE           	6E14	0000	212
		_vfprintf      		CODE           	6974	0000	94

C:\Program Files\Microchip\xc8\v2.32\pic\sources\c99\common\doprnt.c estimated size: 656

mcc_generated_files/pin_manager.c
		_PIN_MANAGER_Initialize		CODE           	68A8	0000	62

mcc_generated_files/pin_manager.c estimated size: 62

C:\Program Files\Microchip\xc8\v2.32\pic\sources\c99\common\putch.c
		_putch         		CODE           	6610	0000	2

C:\Program Files\Microchip\xc8\v2.32\pic\sources\c99\common\putch.c estimated size: 2

SSD1306oLED.c
		_Set_Column_Address		CODE           	66D0	0000	22
		_oled_powerControl		CODE           	6640	0000	12
		_oled_putString		CODE           	6AC6	0000	128
		_oled_clear    		CODE           	66FC	0000	26
		_oled_regulorResistorSelect		CODE           	664C	0000	12
		_oled_clearRow 		CODE           	677A	0000	40
		_oled_initialDispayLine		CODE           	6634	0000	12
		_oled_writeCommand		CODE           	66A8	0000	20
		_Set_Page_Address		CODE           	6674	0000	16
		_oled_writeData		CODE           	66BC	0000	20
		_oled_setDisplay		CODE           	67D0	0000	48
		_oled_setContrastControlRegister		CODE           	6684	0000	16
		_oled_init     		CODE           	67A2	0000	46
		_oled_devInit  		CODE           	69D2	0000	120
		_oled_putChar  		CODE           	6A4A	0000	124
		_oled_setFont  		CODE           	6716	0000	28
		_oled_putUint8 		CODE           	6B46	0000	144

SSD1306oLED.c estimated size: 834

shared
		_OledFont0     		MEDIUMCONST    	7AC7	0000	768
		__initialization		CODE           	68E6	0000	54

shared estimated size: 822

mcc_generated_files/eusart1.c
		_EUSART1_is_rx_ready		CODE           	6694	0000	20
		_EUSART1_Initialize		CODE           	686A	0000	62
		_EUSART1_SetFramingErrorHandler		CODE           	6620	0000	10
		_get_Data      		CODE           	6800	0000	52
		_EUSART1_Read  		CODE           	6752	0000	40
		_EUSART1_SetOverrunErrorHandler		CODE           	662A	0000	10
		_EUSART1_SetErrorHandler		CODE           	6616	0000	10
		_EUSART1_Write 		CODE           	66E6	0000	22

mcc_generated_files/eusart1.c estimated size: 226

C:\Program Files\Microchip\xc8\v2.32\pic\sources\c99\common\awmod.c
		___awmod       		CODE           	6BD6	0000	176

C:\Program Files\Microchip\xc8\v2.32\pic\sources\c99\common\awmod.c estimated size: 176

mcc_generated_files/mcc.c
		_OSCILLATOR_Initialize		CODE           	6732	0000	32
		_SYSTEM_Initialize		CODE           	6658	0000	14

mcc_generated_files/mcc.c estimated size: 46

C:\Program Files\Microchip\xc8\v2.32\pic\sources\c99\common\nf_fputc.c
		_fputc         		CODE           	6D4A	0000	202

C:\Program Files\Microchip\xc8\v2.32\pic\sources\c99\common\nf_fputc.c estimated size: 202

main.c
		_init_port     		CODE           	6666	0000	14
		_main          		CODE           	71BC	0000	854
		_init_mod_LoRa 		CODE           	7512	0000	1460
		_sendCommand   		CODE           	6834	0000	54

main.c estimated size: 2382

